******************************************************************************
                  TI ARM Linker PC v18.12.8                    
******************************************************************************
>> Linked Mon Mar 21 15:43:07 2022

OUTPUT FILE NAME:   <project0.out>
ENTRY POINT SYMBOL: "_c_int00_noinit_noargs"  address: 000006ad


MEMORY CONFIGURATION

         name            origin    length      used     unused   attr    fill
----------------------  --------  ---------  --------  --------  ----  --------
  FLASH                 00000000   00100000  00000986  000ff67a  R  X
  SRAM                  20000000   00040000  00000100  0003ff00  RW X


SEGMENT ALLOCATION MAP

run origin  load origin   length   init length attrs members
----------  ----------- ---------- ----------- ----- -------
00000000    00000000    00000988   00000988    r-x
  00000000    00000000    00000200   00000200    r-- .intvecs
  00000200    00000200    00000532   00000532    r-x .text
  00000734    00000734    00000254   00000254    r-- .const
20000000    20000000    00000100   00000000    rw-
  20000000    20000000    00000100   00000000    rw- .stack


SECTION ALLOCATION MAP

 output                                  attributes/
section   page    origin      length       input sections
--------  ----  ----------  ----------   ----------------
.intvecs   0    00000000    00000200     
                  00000000    00000200     startup_ccs.obj (.intvecs)

.text      0    00000200    00000532     
                  00000200    00000200     driverlib.lib : sysctl.obj (.text:SysCtlClockFreqSet)
                  00000400    0000016c                   : gpio.obj (.text:GPIOPadConfigSet)
                  0000056c    00000060     project0.obj (.text:main)
                  000005cc    00000048     driverlib.lib : sysctl.obj (.text:_SysCtlFrequencyGet)
                  00000614    00000038                   : sysctl.obj (.text:SysCtlPeripheralReady)
                  0000064c    00000034                   : sysctl.obj (.text:SysCtlPeripheralEnable)
                  00000680    0000002c                   : gpio.obj (.text:GPIODirModeSet)
                  000006ac    0000002c     rtsv7M4_T_le_v4SPD16_eabi.lib : boot_cortex_m.c.obj (.text:_c_int00_noinit_noargs:_c_int00_noinit_noargs)
                  000006d8    00000020     driverlib.lib : sysctl.obj (.text:_SysCtlMemTimingGet)
                  000006f8    0000001a                   : gpio.obj (.text:GPIOPinTypeGPIOOutput)
                  00000712    00000006                   : gpio.obj (.text:GPIOPinWrite)
                  00000718    00000006     startup_ccs.obj (.text:ResetISR)
                  0000071e    00000006     driverlib.lib : sysctl.obj (.text:SysCtlDelay)
                  00000724    00000004     rtsv7M4_T_le_v4SPD16_eabi.lib : pre_init.c.obj (.text:_system_pre_init)
                  00000728    00000004                                   : exit.c.obj (.text:abort:abort)
                  0000072c    00000002     startup_ccs.obj (.text:FaultISR)
                  0000072e    00000002     startup_ccs.obj (.text:IntDefaultHandler)
                  00000730    00000002     startup_ccs.obj (.text:NmiSR)

.const     0    00000734    00000254     
                  00000734    000001b0     driverlib.lib : sysctl.obj (.const:g_pppui32XTALtoVCO)
                  000008e4    0000006c                   : sysctl.obj (.const:g_pui32Xtals)
                  00000950    00000030                   : sysctl.obj (.const:g_sXTALtoMEMTIM)
                  00000980    00000008                   : sysctl.obj (.const:g_pui32VCOFrequencies)

.cinit     0    00000000    00000000     UNINITIALIZED

.init_array 
*          0    00000000    00000000     UNINITIALIZED

.stack     0    20000000    00000100     UNINITIALIZED
                  20000000    00000004     rtsv7M4_T_le_v4SPD16_eabi.lib : boot_cortex_m.c.obj (.stack)
                  20000004    000000fc     --HOLE--

.binit     0    00000000    00000000     

MODULE SUMMARY

       Module                code   ro data   rw data
       ------                ----   -------   -------
    .\
       startup_ccs.obj       12     512       0      
       project0.obj          96     0         0      
    +--+---------------------+------+---------+---------+
       Total:                108    512       0      
                                                     
    D:/ti/TivaWare_C_Series-2.2.0.295/driverlib/ccs/Debug/driverlib.lib
       sysctl.obj            730    596       0      
       gpio.obj              440    0         0      
    +--+---------------------+------+---------+---------+
       Total:                1170   596       0      
                                                     
    D:\ti\ccs1110\ccs\tools\compiler\ti-cgt-arm_18.12.8.LTS\lib\rtsv7M4_T_le_v4SPD16_eabi.lib
       boot_cortex_m.c.obj   44     0         0      
       exit.c.obj            4      0         0      
       pre_init.c.obj        4      0         0      
    +--+---------------------+------+---------+---------+
       Total:                52     0         0      
                                                     
       Stack:                0      0         256    
    +--+---------------------+------+---------+---------+
       Grand Total:          1330   1108      256    


GLOBAL SYMBOLS: SORTED ALPHABETICALLY BY Name 

address   name                  
-------   ----                  
00000729  C$$EXIT               
00000681  GPIODirModeSet        
00000401  GPIOPadConfigSet      
000006f9  GPIOPinTypeGPIOOutput 
00000713  GPIOPinWrite          
00000719  ResetISR              
00000201  SysCtlClockFreqSet    
0000071f  SysCtlDelay           
0000064d  SysCtlPeripheralEnable
00000615  SysCtlPeripheralReady 
20000100  __STACK_END           
00000100  __STACK_SIZE          
20000100  __STACK_TOP           
ffffffff  __TI_pprof_out_hndl   
ffffffff  __TI_prof_data_size   
ffffffff  __TI_prof_data_start  
00000000  __TI_static_base__    
ffffffff  __binit__             
ffffffff  __c_args__            
UNDEFED   __mpu_init            
20000000  __stack               
000006ad  _c_int00_noinit_noargs
00000725  _system_pre_init      
00000729  abort                 
ffffffff  binit                 
00000000  g_pfnVectors          
0000056d  main                  


GLOBAL SYMBOLS: SORTED BY Symbol Address 

address   name                  
-------   ----                  
00000000  __TI_static_base__    
00000000  g_pfnVectors          
00000100  __STACK_SIZE          
00000201  SysCtlClockFreqSet    
00000401  GPIOPadConfigSet      
0000056d  main                  
00000615  SysCtlPeripheralReady 
0000064d  SysCtlPeripheralEnable
00000681  GPIODirModeSet        
000006ad  _c_int00_noinit_noargs
000006f9  GPIOPinTypeGPIOOutput 
00000713  GPIOPinWrite          
00000719  ResetISR              
0000071f  SysCtlDelay           
00000725  _system_pre_init      
00000729  C$$EXIT               
00000729  abort                 
20000000  __stack               
20000100  __STACK_END           
20000100  __STACK_TOP           
ffffffff  __TI_pprof_out_hndl   
ffffffff  __TI_prof_data_size   
ffffffff  __TI_prof_data_start  
ffffffff  __binit__             
ffffffff  __c_args__            
ffffffff  binit                 
UNDEFED   __mpu_init            

[27 symbols]
