******************************************************************************
                  TI ARM Linker PC v18.12.8                    
******************************************************************************
>> Linked Wed Mar 23 14:40:42 2022

OUTPUT FILE NAME:   <rtos-signal.out>
ENTRY POINT SYMBOL: "_c_int00_noargs"  address: 0000220d


MEMORY CONFIGURATION

         name            origin    length      used     unused   attr    fill
----------------------  --------  ---------  --------  --------  ----  --------
  FLASH                 00000000   00100000  000029e0  000fd620  R  X
  SRAM                  20000000   00040000  0000c608  000339f8  RW X


SEGMENT ALLOCATION MAP

run origin  load origin   length   init length attrs members
----------  ----------- ---------- ----------- ----- -------
00000000    00000000    000029e0   000029e0    r-x
  00000000    00000000    00000208   00000208    r-- .intvecs
  00000208    00000208    00002484   00002484    r-x .text
  0000268c    0000268c    0000031c   0000031c    r-- .const
  000029a8    000029a8    00000038   00000038    r-- .cinit
20000000    20000000    0000c608   00000000    rw-
  20000000    20000000    0000c490   00000000    rw- .bss
  2000c490    2000c490    00000100   00000000    rw- .stack
  2000c590    2000c590    00000078   00000000    rw- .data


SECTION ALLOCATION MAP

 output                                  attributes/
section   page    origin      length       input sections
--------  ----  ----------  ----------   ----------------
.intvecs   0    00000000    00000208     
                  00000000    00000208     startup_ccs.obj (.intvecs)

.text      0    00000208    00002484     
                  00000208    00000204     uartstdio.obj (.text:UARTvprintf)
                  0000040c    00000200     driverlib.lib : sysctl.obj (.text:SysCtlClockFreqSet)
                  0000060c    0000017c     tasks.obj (.text:xTaskIncrementTick)
                  00000788    0000016c     driverlib.lib : gpio.obj (.text:GPIOPadConfigSet)
                  000008f4    00000154     tasks.obj (.text:xTaskResumeAll)
                  00000a48    00000120     queue.obj (.text:xQueueSemaphoreTake)
                  00000b68    000000f8     main.obj (.text:task_2)
                  00000c60    000000f8     queue.obj (.text:xQueueGenericSend)
                  00000d58    000000f8     tasks.obj (.text:xTaskRemoveFromEventList)
                  00000e50    000000f4     main.obj (.text:task_1)
                  00000f44    000000f4     queue.obj (.text:xQueueReceive)
                  00001038    000000f0     timers.obj (.text:prvProcessReceivedCommands)
                  00001128    000000da     portasm.obj (.text)
                  00001202    00000002     startup_ccs.obj (.text:FaultISR)
                  00001204    000000d4     main.obj (.text:main)
                  000012d8    000000d4     tasks.obj (.text:prvAddNewTaskToReadyList)
                  000013ac    000000c8     tasks.obj (.text:xTaskPriorityInherit)
                  00001474    000000aa     tasks.obj (.text:prvInitialiseNewTask)
                  0000151e    00000002     startup_ccs.obj (.text:IntDefaultHandler)
                  00001520    000000a8     tasks.obj (.text:prvAddCurrentTaskToDelayedList)
                  000015c8    000000a8     tasks.obj (.text:vTaskPriorityDisinheritAfterTimeout)
                  00001670    0000009c     rtsv7M4_T_le_v4SPD16_eabi.lib : memcpy_t2.asm.obj (.text)
                  0000170c    0000009c     tasks.obj (.text:xTaskPriorityDisinherit)
                  000017a8    00000094     queue.obj (.text:xQueueGenericReset)
                  0000183c    0000007a     rtsv7M4_T_le_v4SPD16_eabi.lib : memset_t2.asm.obj (.text)
                  000018b6    00000070     queue.obj (.text:prvCopyDataToQueue)
                  00001926    00000002     startup_ccs.obj (.text:NmiSR)
                  00001928    00000070     timers.obj (.text:prvProcessTimerOrBlockTask)
                  00001998    00000070     tasks.obj (.text:vTaskStartScheduler)
                  00001a08    0000006c     heap_1.obj (.text:pvPortMalloc)
                  00001a74    00000068     rtsv7M4_T_le_v4SPD16_eabi.lib : copy_decompress_lzss.c.obj (.text:decompress:lzss:__TI_decompress_lzss)
                  00001adc    00000068     tasks.obj (.text:prvInitialiseTaskLists)
                  00001b44    00000066     queue.obj (.text:prvUnlockQueue)
                  00001baa    00000002     rtsv7M4_T_le_v4SPD16_eabi.lib : div0.asm.obj (.text)
                  00001bac    00000064     tasks.obj (.text:xTaskCheckForTimeOut)
                  00001c10    00000062     tasks.obj (.text:xTaskCreate)
                  00001c72    00000002     heap_1.obj (.text:vPortFree)
                  00001c74    00000060     uartstdio.obj (.text:UARTStdioConfig)
                  00001cd4    00000060     tasks.obj (.text:vTaskSwitchContext)
                  00001d34    0000005c     timers.obj (.text:prvCheckForValidListAndQueue)
                  00001d90    00000050     tasks.obj (.text:prvCheckTasksWaitingTermination)
                  00001de0    0000004c     driverlib.lib : gpio.obj (.text:GPIOPinConfigure)
                  00001e2c    0000004c     uartstdio.obj (.text:UARTwrite)
                  00001e78    00000048     driverlib.lib : sysctl.obj (.text:_SysCtlFrequencyGet)
                  00001ec0    00000048     timers.obj (.text:prvInsertTimerInActiveList)
                  00001f08    00000048     queue.obj (.text:vQueueAddToRegistry)
                  00001f50    00000048     queue.obj (.text:vQueueWaitForMessageRestricted)
                  00001f98    00000044     rtsv7M4_T_le_v4SPD16_eabi.lib : autoinit.c.obj (.text:__TI_auto_init_nobinit_nopinit:__TI_auto_init_nobinit_nopinit)
                  00001fdc    00000044     queue.obj (.text:xQueueGenericCreate)
                  00002020    00000040     timers.obj (.text:prvProcessExpiredTimer)
                  00002060    00000040     rtsv7M4_T_le_v4SPD16_eabi.lib : u_divt2.asm.obj (.text)
                  000020a0    00000040     uart.obj (.text:uart_config)
                  000020e0    00000040     tasks.obj (.text:vTaskPlaceOnEventListRestricted)
                  00002120    00000040     port.obj (.text:xPortStartScheduler)
                  00002160    00000040     timers.obj (.text:xTimerCreateTimerTask)
                  000021a0    00000038     driverlib.lib : sysctl.obj (.text:SysCtlPeripheralReady)
                  000021d8    00000034                   : sysctl.obj (.text:SysCtlPeripheralEnable)
                  0000220c    00000034     rtsv7M4_T_le_v4SPD16_eabi.lib : boot_cortex_m.c.obj (.text:_c_int00_noargs:_c_int00_noargs)
                  00002240    00000032     list.obj (.text:vListInsert)
                  00002272    00000002     --HOLE-- [fill = 0]
                  00002274    00000030     timers.obj (.text:prvSwitchTimerLists)
                  000022a4    0000002c     driverlib.lib : gpio.obj (.text:GPIODirModeSet)
                  000022d0    0000002c     timers.obj (.text:prvSampleTimeNow)
                  000022fc    0000002c     port.obj (.text:pxPortInitialiseStack)
                  00002328    0000002c     port.obj (.text:xPortSysTickHandler)
                  00002354    00000028     queue.obj (.text:prvCopyDataFromQueue)
                  0000237c    00000028     tasks.obj (.text:prvIdleTask)
                  000023a4    00000028     timers.obj (.text:prvReloadTimer)
                  000023cc    00000028     tasks.obj (.text:prvResetNextTaskUnblockTime)
                  000023f4    00000026     list.obj (.text:uxListRemove)
                  0000241a    00000002     --HOLE-- [fill = 0]
                  0000241c    00000024     timers.obj (.text:prvGetNextExpireTime)
                  00002440    00000020     driverlib.lib : sysctl.obj (.text:_SysCtlMemTimingGet)
                  00002460    00000020     port.obj (.text:vPortSetupTimerInterrupt)
                  00002480    0000001e     queue.obj (.text:prvInitialiseNewQueue)
                  0000249e    0000001e     queue.obj (.text:prvIsQueueFull)
                  000024bc    0000001e     list.obj (.text:vListInitialise)
                  000024da    00000002     --HOLE-- [fill = 0]
                  000024dc    0000001c     gpio.obj (.text:gpio_enable_peripheral)
                  000024f8    0000001c     port.obj (.text:vPortEnterCritical)
                  00002514    0000001c     tasks.obj (.text:vTaskPlaceOnEventList)
                  00002530    0000001a     driverlib.lib : gpio.obj (.text:GPIOPinTypeGPIOOutput)
                  0000254a    0000001a     uartstdio.obj (.text:UARTprintf)
                  00002564    0000001a     queue.obj (.text:prvIsQueueEmpty)
                  0000257e    00000002     --HOLE-- [fill = 0]
                  00002580    00000018     tasks.obj (.text:pvTaskIncrementMutexHeldCount)
                  00002598    00000018     port.obj (.text:vPortExitCritical)
                  000025b0    00000018     tasks.obj (.text:vTaskInternalSetTimeOutState)
                  000025c8    00000016     driverlib.lib : gpio.obj (.text:GPIOPinTypeUART)
                  000025de    00000014     queue.obj (.text:prvGetDisinheritPriorityAfterTimeout)
                  000025f2    00000014     timers.obj (.text:prvTimerTask)
                  00002606    00000012     tasks.obj (.text:prvDeleteTCB)
                  00002618    00000010     port.obj (.text:prvTaskExitError)
                  00002628    00000010     tasks.obj (.text:vTaskSuspendAll)
                  00002638    0000000e     rtsv7M4_T_le_v4SPD16_eabi.lib : copy_decompress_none.c.obj (.text:decompress:none:__TI_decompress_none)
                  00002646    0000000c                                   : copy_zero_init.c.obj (.text:decompress:ZI:__TI_zero_init)
                  00002652    00000002     --HOLE-- [fill = 0]
                  00002654    0000000c     gpio.obj (.text:gpio_configure_leds)
                  00002660    0000000c     tasks.obj (.text:vTaskMissedYield)
                  0000266c    0000000c     tasks.obj (.text:xTaskGetTickCount)
                  00002678    00000006     startup_ccs.obj (.text:ResetISR)
                  0000267e    00000006     list.obj (.text:vListInitialiseItem)
                  00002684    00000004     rtsv7M4_T_le_v4SPD16_eabi.lib : pre_init.c.obj (.text:_system_pre_init)
                  00002688    00000004                                   : exit.c.obj (.text:abort:abort)

.const     0    0000268c    0000031c     
                  0000268c    000001b0     driverlib.lib : sysctl.obj (.const:g_pppui32XTALtoVCO)
                  0000283c    00000090                   : gpio.obj (.const:g_pui32GPIOBaseAddrs)
                  000028cc    0000006c                   : sysctl.obj (.const:g_pui32Xtals)
                  00002938    00000030                   : sysctl.obj (.const:g_sXTALtoMEMTIM)
                  00002968    00000012     uartstdio.obj (.const:.string)
                  0000297a    00000002     --HOLE-- [fill = 0]
                  0000297c    0000000c     uartstdio.obj (.const:g_ui32UARTBase)
                  00002988    0000000c     uartstdio.obj (.const:g_ui32UARTPeriph)
                  00002994    00000008     driverlib.lib : sysctl.obj (.const:g_pui32VCOFrequencies)
                  0000299c    00000004     port.obj (.const)
                  000029a0    00000004     tasks.obj (.const)
                  000029a4    00000004     uartstdio.obj (.const)

.cinit     0    000029a8    00000038     
                  000029a8    00000010     (.cinit..data.load) [load image, compression = lzss]
                  000029b8    0000000c     (__TI_handler_table)
                  000029c4    00000004     --HOLE-- [fill = 0]
                  000029c8    00000008     (.cinit..bss.load) [load image, compression = zero_init]
                  000029d0    00000010     (__TI_cinit_table)

.init_array 
*          0    00000000    00000000     UNINITIALIZED

.bss       0    20000000    0000c490     UNINITIALIZED
                  20000000    0000c350     heap_1.obj (.bss:ucHeap)
                  2000c350    00000064     tasks.obj (.bss:pxReadyTasksLists)
                  2000c3b4    00000040     (.common:xQueueRegistry)
                  2000c3f4    00000014     timers.obj (.bss:xActiveTimerList1)
                  2000c408    00000014     timers.obj (.bss:xActiveTimerList2)
                  2000c41c    00000014     tasks.obj (.bss:xDelayedTaskList1)
                  2000c430    00000014     tasks.obj (.bss:xDelayedTaskList2)
                  2000c444    00000014     tasks.obj (.bss:xPendingReadyList)
                  2000c458    00000014     tasks.obj (.bss:xSuspendedTaskList)
                  2000c46c    00000014     tasks.obj (.bss:xTasksWaitingTermination)
                  2000c480    00000008     tasks.obj (.bss)
                  2000c488    00000008     timers.obj (.bss)

.data      0    2000c590    00000078     UNINITIALIZED
                  2000c590    00000034     tasks.obj (.data)
                  2000c5c4    00000024     main.obj (.data)
                  2000c5e8    0000000c     timers.obj (.data)
                  2000c5f4    00000008     heap_1.obj (.data)
                  2000c5fc    00000005     uartstdio.obj (.data)
                  2000c601    00000003     --HOLE--
                  2000c604    00000004     port.obj (.data)

.stack     0    2000c490    00000100     UNINITIALIZED
                  2000c490    00000004     rtsv7M4_T_le_v4SPD16_eabi.lib : boot_cortex_m.c.obj (.stack)
                  2000c494    000000fc     --HOLE--

.binit     0    00000000    00000000     

MODULE SUMMARY

       Module                       code   ro data   rw data
       ------                       ----   -------   -------
    .\
       heap_1.obj                   110    0         50008  
       tasks.obj                    2910   4         260    
       queue.obj                    1500   0         64     
       timers.obj                   832    0         60     
       uartstdio.obj                714    46        5      
       main.obj                     704    0         36     
       startup_ccs.obj              12     520       0      
       port.obj                     252    4         4      
       portasm.obj                  218    0         0      
       list.obj                     124    0         0      
    +--+----------------------------+------+---------+---------+
       Total:                       7376   574       50437  
                                                            
    .\src\
       uart.obj                     64     0         0      
       gpio.obj                     40     0         0      
    +--+----------------------------+------+---------+---------+
       Total:                       104    0         0      
                                                            
    D:/ti/TivaWare_C_Series-2.2.0.295/driverlib/ccs/Debug/driverlib.lib
       sysctl.obj                   724    596       0      
       gpio.obj                     532    144       0      
    +--+----------------------------+------+---------+---------+
       Total:                       1256   740       0      
                                                            
    D:\ti\ccs1110\ccs\tools\compiler\ti-cgt-arm_18.12.8.LTS\lib\rtsv7M4_T_le_v4SPD16_eabi.lib
       memcpy_t2.asm.obj            156    0         0      
       memset_t2.asm.obj            122    0         0      
       copy_decompress_lzss.c.obj   104    0         0      
       autoinit.c.obj               68     0         0      
       u_divt2.asm.obj              64     0         0      
       boot_cortex_m.c.obj          52     0         0      
       copy_decompress_none.c.obj   14     0         0      
       copy_zero_init.c.obj         12     0         0      
       exit.c.obj                   4      0         0      
       pre_init.c.obj               4      0         0      
       div0.asm.obj                 2      0         0      
    +--+----------------------------+------+---------+---------+
       Total:                       602    0         0      
                                                            
       Stack:                       0      0         256    
       Linker Generated:            0      52        0      
    +--+----------------------------+------+---------+---------+
       Grand Total:                 9338   1366      50693  


LINKER GENERATED COPY TABLES

__TI_cinit_table @ 000029d0 records: 2, size/record: 8, table size: 16
	.data: load addr=000029a8, load size=00000010 bytes, run addr=2000c590, run size=00000078 bytes, compression=lzss
	.bss: load addr=000029c8, load size=00000008 bytes, run addr=20000000, run size=0000c490 bytes, compression=zero_init


LINKER GENERATED HANDLER TABLE

__TI_handler_table @ 000029b8 records: 3, size/record: 4, table size: 12
	index: 0, handler: __TI_decompress_lzss
	index: 1, handler: __TI_decompress_none
	index: 2, handler: __TI_zero_init


GLOBAL SYMBOLS: SORTED ALPHABETICALLY BY Name 

address   name                               
-------   ----                               
00002689  C$$EXIT                            
000022a5  GPIODirModeSet                     
00000789  GPIOPadConfigSet                   
00001de1  GPIOPinConfigure                   
00002531  GPIOPinTypeGPIOOutput              
000025c9  GPIOPinTypeUART                    
00002679  ResetISR                           
0000040d  SysCtlClockFreqSet                 
000021d9  SysCtlPeripheralEnable             
000021a1  SysCtlPeripheralReady              
00001c75  UARTStdioConfig                    
0000254b  UARTprintf                         
00000209  UARTvprintf                        
00001e2d  UARTwrite                          
2000c590  __STACK_END                        
00000100  __STACK_SIZE                       
2000c590  __STACK_TOP                        
000029d0  __TI_CINIT_Base                    
000029e0  __TI_CINIT_Limit                   
000029b8  __TI_Handler_Table_Base            
000029c4  __TI_Handler_Table_Limit           
00001f99  __TI_auto_init_nobinit_nopinit     
00001a75  __TI_decompress_lzss               
00002639  __TI_decompress_none               
ffffffff  __TI_pprof_out_hndl                
ffffffff  __TI_prof_data_size                
ffffffff  __TI_prof_data_start               
00000000  __TI_static_base__                 
00002647  __TI_zero_init                     
00001bab  __aeabi_idiv0                      
00001bab  __aeabi_ldiv0                      
0000183d  __aeabi_memclr                     
0000183d  __aeabi_memclr4                    
0000183d  __aeabi_memclr8                    
00001671  __aeabi_memcpy                     
00001671  __aeabi_memcpy4                    
00001671  __aeabi_memcpy8                    
0000183f  __aeabi_memset                     
0000183f  __aeabi_memset4                    
0000183f  __aeabi_memset8                    
00002061  __aeabi_uidiv                      
00002061  __aeabi_uidivmod                   
ffffffff  __binit__                          
ffffffff  __c_args__                         
UNDEFED   __mpu_init                         
2000c490  __stack                            
0000220d  _c_int00_noargs                    
UNDEFED   _system_post_cinit                 
00002685  _system_pre_init                   
00002689  abort                              
ffffffff  binit                              
00000000  g_pfnVectors                       
00002655  gpio_configure_leds                
000024dd  gpio_enable_peripheral             
00001205  main                               
00001671  memcpy                             
00001845  memset                             
2000c5cc  myTask1Handle                      
2000c5d0  myTask2Handle                      
00001a09  pvPortMalloc                       
00002581  pvTaskIncrementMutexHeldCount      
2000c590  pxCurrentTCB                       
000022fd  pxPortInitialiseStack              
2000c5c4  t1_sem                             
2000c5c8  t2_sem                             
00000e51  task_1                             
00000b69  task_2                             
000020a1  uart_config                        
0000299c  ulMaxSyscallInterruptPriority      
00001139  ulPortGetIPSR                      
000023f5  uxListRemove                       
000029a0  uxTopUsedPriority                  
000024bd  vListInitialise                    
0000267f  vListInitialiseItem                
00002241  vListInsert                        
000011f5  vPortEnableVFP                     
000024f9  vPortEnterCritical                 
00002599  vPortExitCritical                  
00001c73  vPortFree                          
000011b1  vPortSVCHandler                    
00002461  vPortSetupTimerInterrupt           
000011d1  vPortStartFirstTask                
00001f09  vQueueAddToRegistry                
00001f51  vQueueWaitForMessageRestricted     
000025b1  vTaskInternalSetTimeOutState       
00002661  vTaskMissedYield                   
00002515  vTaskPlaceOnEventList              
000020e1  vTaskPlaceOnEventListRestricted    
000015c9  vTaskPriorityDisinheritAfterTimeout
00001999  vTaskStartScheduler                
00002629  vTaskSuspendAll                    
00001cd5  vTaskSwitchContext                 
00001151  xPortPendSVHandler                 
00002121  xPortStartScheduler                
00002329  xPortSysTickHandler                
00001fdd  xQueueGenericCreate                
000017a9  xQueueGenericReset                 
00000c61  xQueueGenericSend                  
00000f45  xQueueReceive                      
2000c3b4  xQueueRegistry                     
00000a49  xQueueSemaphoreTake                
00001bad  xTaskCheckForTimeOut               
00001c11  xTaskCreate                        
0000266d  xTaskGetTickCount                  
0000060d  xTaskIncrementTick                 
0000170d  xTaskPriorityDisinherit            
000013ad  xTaskPriorityInherit               
00000d59  xTaskRemoveFromEventList           
000008f5  xTaskResumeAll                     
00002161  xTimerCreateTimerTask              


GLOBAL SYMBOLS: SORTED BY Symbol Address 

address   name                               
-------   ----                               
00000000  __TI_static_base__                 
00000000  g_pfnVectors                       
00000100  __STACK_SIZE                       
00000209  UARTvprintf                        
0000040d  SysCtlClockFreqSet                 
0000060d  xTaskIncrementTick                 
00000789  GPIOPadConfigSet                   
000008f5  xTaskResumeAll                     
00000a49  xQueueSemaphoreTake                
00000b69  task_2                             
00000c61  xQueueGenericSend                  
00000d59  xTaskRemoveFromEventList           
00000e51  task_1                             
00000f45  xQueueReceive                      
00001139  ulPortGetIPSR                      
00001151  xPortPendSVHandler                 
000011b1  vPortSVCHandler                    
000011d1  vPortStartFirstTask                
000011f5  vPortEnableVFP                     
00001205  main                               
000013ad  xTaskPriorityInherit               
000015c9  vTaskPriorityDisinheritAfterTimeout
00001671  __aeabi_memcpy                     
00001671  __aeabi_memcpy4                    
00001671  __aeabi_memcpy8                    
00001671  memcpy                             
0000170d  xTaskPriorityDisinherit            
000017a9  xQueueGenericReset                 
0000183d  __aeabi_memclr                     
0000183d  __aeabi_memclr4                    
0000183d  __aeabi_memclr8                    
0000183f  __aeabi_memset                     
0000183f  __aeabi_memset4                    
0000183f  __aeabi_memset8                    
00001845  memset                             
00001999  vTaskStartScheduler                
00001a09  pvPortMalloc                       
00001a75  __TI_decompress_lzss               
00001bab  __aeabi_idiv0                      
00001bab  __aeabi_ldiv0                      
00001bad  xTaskCheckForTimeOut               
00001c11  xTaskCreate                        
00001c73  vPortFree                          
00001c75  UARTStdioConfig                    
00001cd5  vTaskSwitchContext                 
00001de1  GPIOPinConfigure                   
00001e2d  UARTwrite                          
00001f09  vQueueAddToRegistry                
00001f51  vQueueWaitForMessageRestricted     
00001f99  __TI_auto_init_nobinit_nopinit     
00001fdd  xQueueGenericCreate                
00002061  __aeabi_uidiv                      
00002061  __aeabi_uidivmod                   
000020a1  uart_config                        
000020e1  vTaskPlaceOnEventListRestricted    
00002121  xPortStartScheduler                
00002161  xTimerCreateTimerTask              
000021a1  SysCtlPeripheralReady              
000021d9  SysCtlPeripheralEnable             
0000220d  _c_int00_noargs                    
00002241  vListInsert                        
000022a5  GPIODirModeSet                     
000022fd  pxPortInitialiseStack              
00002329  xPortSysTickHandler                
000023f5  uxListRemove                       
00002461  vPortSetupTimerInterrupt           
000024bd  vListInitialise                    
000024dd  gpio_enable_peripheral             
000024f9  vPortEnterCritical                 
00002515  vTaskPlaceOnEventList              
00002531  GPIOPinTypeGPIOOutput              
0000254b  UARTprintf                         
00002581  pvTaskIncrementMutexHeldCount      
00002599  vPortExitCritical                  
000025b1  vTaskInternalSetTimeOutState       
000025c9  GPIOPinTypeUART                    
00002629  vTaskSuspendAll                    
00002639  __TI_decompress_none               
00002647  __TI_zero_init                     
00002655  gpio_configure_leds                
00002661  vTaskMissedYield                   
0000266d  xTaskGetTickCount                  
00002679  ResetISR                           
0000267f  vListInitialiseItem                
00002685  _system_pre_init                   
00002689  C$$EXIT                            
00002689  abort                              
0000299c  ulMaxSyscallInterruptPriority      
000029a0  uxTopUsedPriority                  
000029b8  __TI_Handler_Table_Base            
000029c4  __TI_Handler_Table_Limit           
000029d0  __TI_CINIT_Base                    
000029e0  __TI_CINIT_Limit                   
2000c3b4  xQueueRegistry                     
2000c490  __stack                            
2000c590  __STACK_END                        
2000c590  __STACK_TOP                        
2000c590  pxCurrentTCB                       
2000c5c4  t1_sem                             
2000c5c8  t2_sem                             
2000c5cc  myTask1Handle                      
2000c5d0  myTask2Handle                      
ffffffff  __TI_pprof_out_hndl                
ffffffff  __TI_prof_data_size                
ffffffff  __TI_prof_data_start               
ffffffff  __binit__                          
ffffffff  __c_args__                         
ffffffff  binit                              
UNDEFED   __mpu_init                         
UNDEFED   _system_post_cinit                 

[110 symbols]
