******************************************************************************
                  TI ARM Linker PC v18.12.8                    
******************************************************************************
>> Linked Mon Mar 21 18:26:07 2022

OUTPUT FILE NAME:   <timers_and_interrupts.out>
ENTRY POINT SYMBOL: "_c_int00_noargs"  address: 00000c29


MEMORY CONFIGURATION

         name            origin    length      used     unused   attr    fill
----------------------  --------  ---------  --------  --------  ----  --------
  FLASH                 00000000   00100000  00001148  000feeb8  R  X
  SRAM                  20000000   00040000  00000105  0003fefb  RW X


SEGMENT ALLOCATION MAP

run origin  load origin   length   init length attrs members
----------  ----------- ---------- ----------- ----- -------
00000000    00000000    00001148   00001148    r-x
  00000000    00000000    00000200   00000200    r-- .intvecs
  00000200    00000200    00000c20   00000c20    r-x .text
  00000e20    00000e20    00000310   00000310    r-- .const
  00001130    00001130    00000018   00000018    r-- .cinit
20000000    20000000    00000105   00000000    rw-
  20000000    20000000    00000100   00000000    rw- .stack
  20000100    20000100    00000005   00000000    rw- .data


SECTION ALLOCATION MAP

 output                                  attributes/
section   page    origin      length       input sections
--------  ----  ----------  ----------   ----------------
.intvecs   0    00000000    00000200     
                  00000000    00000200     startup_ccs.obj (.intvecs)

.text      0    00000200    00000c20     
                  00000200    00000200     driverlib.lib : sysctl.obj (.text:SysCtlClockFreqSet)
                  00000400    000001ee     uartstdio.obj (.text:UARTvprintf)
                  000005ee    00000002     startup_ccs.obj (.text:FaultISR)
                  000005f0    0000016c     driverlib.lib : gpio.obj (.text:GPIOPadConfigSet)
                  0000075c    0000009c     rtsv7M4_T_le_v4SPD16_eabi.lib : memcpy_t2.asm.obj (.text)
                  000007f8    00000068     driverlib.lib : interrupt.obj (.text:IntEnable)
                  00000860    00000068     rtsv7M4_T_le_v4SPD16_eabi.lib : copy_decompress_lzss.c.obj (.text:decompress:lzss:__TI_decompress_lzss)
                  000008c8    00000060     driverlib.lib : timer.obj (.text:TimerConfigure)
                  00000928    00000060     uartstdio.obj (.text:UARTStdioConfig)
                  00000988    00000058     project0.obj (.text:main)
                  000009e0    00000050     uartstdio.obj (.text:UARTwrite)
                  00000a30    0000004c     driverlib.lib : gpio.obj (.text:GPIOPinConfigure)
                  00000a7c    00000048                   : sysctl.obj (.text:_SysCtlFrequencyGet)
                  00000ac4    00000044     rtsv7M4_T_le_v4SPD16_eabi.lib : autoinit.c.obj (.text:__TI_auto_init_nobinit_nopinit:__TI_auto_init_nobinit_nopinit)
                  00000b08    00000040                                   : u_divt2.asm.obj (.text)
                  00000b48    00000040     uart.obj (.text:uart_config)
                  00000b88    00000038     driverlib.lib : sysctl.obj (.text:SysCtlPeripheralReady)
                  00000bc0    00000034                   : sysctl.obj (.text:SysCtlPeripheralEnable)
                  00000bf4    00000034     timer.obj (.text:Timer0IntHandler)
                  00000c28    00000034     rtsv7M4_T_le_v4SPD16_eabi.lib : boot_cortex_m.c.obj (.text:_c_int00_noargs:_c_int00_noargs)
                  00000c5c    0000002c     driverlib.lib : gpio.obj (.text:GPIODirModeSet)
                  00000c88    0000002c     timer.obj (.text:timer_configure_timer0)
                  00000cb4    00000020     driverlib.lib : sysctl.obj (.text:_SysCtlMemTimingGet)
                  00000cd4    00000020     gpio.obj (.text:gpio_toggle_led1)
                  00000cf4    0000001c     gpio.obj (.text:gpio_enable_peripheral)
                  00000d10    0000001c     timer.obj (.text:timer_en_timer0_peripheral)
                  00000d2c    0000001a     driverlib.lib : gpio.obj (.text:GPIOPinTypeGPIOOutput)
                  00000d46    0000001a     uartstdio.obj (.text:UARTprintf)
                  00000d60    00000016     driverlib.lib : gpio.obj (.text:GPIOPinTypeUART)
                  00000d76    00000012                   : timer.obj (.text:TimerLoadSet)
                  00000d88    00000010                   : interrupt.obj (.text:IntMasterDisable)
                  00000d98    00000010                   : interrupt.obj (.text:IntMasterEnable)
                  00000da8    0000000e                   : timer.obj (.text:TimerEnable)
                  00000db6    0000000e     rtsv7M4_T_le_v4SPD16_eabi.lib : copy_decompress_none.c.obj (.text:decompress:none:__TI_decompress_none)
                  00000dc4    0000000c     driverlib.lib : cpu.obj (.text:CPUcpsid)
                  00000dd0    0000000c                   : cpu.obj (.text:CPUcpsie)
                  00000ddc    0000000c     gpio.obj (.text:gpio_configure_leds)
                  00000de8    0000000c     timer.obj (.text:timer_enable_timer0)
                  00000df4    00000008     driverlib.lib : timer.obj (.text:TimerIntEnable)
                  00000dfc    00000006                   : gpio.obj (.text:GPIOPinRead)
                  00000e02    00000006                   : gpio.obj (.text:GPIOPinWrite)
                  00000e08    00000006     startup_ccs.obj (.text:ResetISR)
                  00000e0e    00000004     driverlib.lib : timer.obj (.text:TimerIntClear)
                  00000e12    00000004     rtsv7M4_T_le_v4SPD16_eabi.lib : pre_init.c.obj (.text:_system_pre_init)
                  00000e16    00000004                                   : exit.c.obj (.text:abort:abort)
                  00000e1a    00000002     startup_ccs.obj (.text:IntDefaultHandler)
                  00000e1c    00000002     startup_ccs.obj (.text:NmiSR)
                  00000e1e    00000002     rtsv7M4_T_le_v4SPD16_eabi.lib : div0.asm.obj (.text)

.const     0    00000e20    00000310     
                  00000e20    000001b0     driverlib.lib : sysctl.obj (.const:g_pppui32XTALtoVCO)
                  00000fd0    00000090                   : gpio.obj (.const:g_pui32GPIOBaseAddrs)
                  00001060    0000006c                   : sysctl.obj (.const:g_pui32Xtals)
                  000010cc    00000030                   : sysctl.obj (.const:g_sXTALtoMEMTIM)
                  000010fc    00000014                   : interrupt.obj (.const:g_pui32EnRegs)
                  00001110    0000000c     uartstdio.obj (.const:g_ui32UARTBase)
                  0000111c    0000000c     uartstdio.obj (.const:g_ui32UARTPeriph)
                  00001128    00000008     driverlib.lib : sysctl.obj (.const:g_pui32VCOFrequencies)

.cinit     0    00001130    00000018     
                  00001130    00000008     (__TI_handler_table)
                  00001138    00000007     (.cinit..data.load) [load image, compression = lzss]
                  0000113f    00000001     --HOLE-- [fill = 0]
                  00001140    00000008     (__TI_cinit_table)

.init_array 
*          0    00000000    00000000     UNINITIALIZED

.data      0    20000100    00000005     UNINITIALIZED
                  20000100    00000005     uartstdio.obj (.data)

.stack     0    20000000    00000100     UNINITIALIZED
                  20000000    00000004     rtsv7M4_T_le_v4SPD16_eabi.lib : boot_cortex_m.c.obj (.stack)
                  20000004    000000fc     --HOLE--

.binit     0    00000000    00000000     

MODULE SUMMARY

       Module                       code   ro data   rw data
       ------                       ----   -------   -------
    .\
       uartstdio.obj                696    24        5      
       startup_ccs.obj              12     512       0      
       project0.obj                 88     0         0      
    +--+----------------------------+------+---------+---------+
       Total:                       796    536       5      
                                                            
    .\src\
       timer.obj                    136    0         0      
       gpio.obj                     72     0         0      
       uart.obj                     64     0         0      
    +--+----------------------------+------+---------+---------+
       Total:                       272    0         0      
                                                            
    D:/ti/TivaWare_C_Series-2.2.0.295/driverlib/ccs/Debug/driverlib.lib
       sysctl.obj                   724    596       0      
       gpio.obj                     544    144       0      
       interrupt.obj                136    20        0      
       timer.obj                    140    0         0      
       cpu.obj                      24     0         0      
    +--+----------------------------+------+---------+---------+
       Total:                       1568   760       0      
                                                            
    D:\ti\ccs1110\ccs\tools\compiler\ti-cgt-arm_18.12.8.LTS\lib\rtsv7M4_T_le_v4SPD16_eabi.lib
       memcpy_t2.asm.obj            156    0         0      
       copy_decompress_lzss.c.obj   104    0         0      
       autoinit.c.obj               68     0         0      
       u_divt2.asm.obj              64     0         0      
       boot_cortex_m.c.obj          52     0         0      
       copy_decompress_none.c.obj   14     0         0      
       exit.c.obj                   4      0         0      
       pre_init.c.obj               4      0         0      
       div0.asm.obj                 2      0         0      
    +--+----------------------------+------+---------+---------+
       Total:                       468    0         0      
                                                            
       Stack:                       0      0         256    
       Linker Generated:            0      23        0      
    +--+----------------------------+------+---------+---------+
       Grand Total:                 3104   1319      261    


LINKER GENERATED COPY TABLES

__TI_cinit_table @ 00001140 records: 1, size/record: 8, table size: 8
	.data: load addr=00001138, load size=00000007 bytes, run addr=20000100, run size=00000005 bytes, compression=lzss


LINKER GENERATED HANDLER TABLE

__TI_handler_table @ 00001130 records: 2, size/record: 4, table size: 8
	index: 0, handler: __TI_decompress_lzss
	index: 1, handler: __TI_decompress_none


GLOBAL SYMBOLS: SORTED ALPHABETICALLY BY Name 

address   name                          
-------   ----                          
00000e17  C$$EXIT                       
00000dc5  CPUcpsid                      
00000dd1  CPUcpsie                      
00000c5d  GPIODirModeSet                
000005f1  GPIOPadConfigSet              
00000a31  GPIOPinConfigure              
00000dfd  GPIOPinRead                   
00000d2d  GPIOPinTypeGPIOOutput         
00000d61  GPIOPinTypeUART               
00000e03  GPIOPinWrite                  
000007f9  IntEnable                     
00000d89  IntMasterDisable              
00000d99  IntMasterEnable               
00000e09  ResetISR                      
00000201  SysCtlClockFreqSet            
00000bc1  SysCtlPeripheralEnable        
00000b89  SysCtlPeripheralReady         
00000bf5  Timer0IntHandler              
000008c9  TimerConfigure                
00000da9  TimerEnable                   
00000e0f  TimerIntClear                 
00000df5  TimerIntEnable                
00000d77  TimerLoadSet                  
00000929  UARTStdioConfig               
00000d47  UARTprintf                    
00000401  UARTvprintf                   
000009e1  UARTwrite                     
20000100  __STACK_END                   
00000100  __STACK_SIZE                  
20000100  __STACK_TOP                   
00001140  __TI_CINIT_Base               
00001148  __TI_CINIT_Limit              
00001130  __TI_Handler_Table_Base       
00001138  __TI_Handler_Table_Limit      
00000ac5  __TI_auto_init_nobinit_nopinit
00000861  __TI_decompress_lzss          
00000db7  __TI_decompress_none          
ffffffff  __TI_pprof_out_hndl           
ffffffff  __TI_prof_data_size           
ffffffff  __TI_prof_data_start          
00000000  __TI_static_base__            
00000e1f  __aeabi_idiv0                 
00000e1f  __aeabi_ldiv0                 
0000075d  __aeabi_memcpy                
0000075d  __aeabi_memcpy4               
0000075d  __aeabi_memcpy8               
00000b09  __aeabi_uidiv                 
00000b09  __aeabi_uidivmod              
ffffffff  __binit__                     
ffffffff  __c_args__                    
UNDEFED   __mpu_init                    
20000000  __stack                       
00000c29  _c_int00_noargs               
UNDEFED   _system_post_cinit            
00000e13  _system_pre_init              
00000e17  abort                         
ffffffff  binit                         
00000000  g_pfnVectors                  
00000ddd  gpio_configure_leds           
00000cf5  gpio_enable_peripheral        
00000cd5  gpio_toggle_led1              
00000989  main                          
0000075d  memcpy                        
00000c89  timer_configure_timer0        
00000d11  timer_en_timer0_peripheral    
00000de9  timer_enable_timer0           
00000b49  uart_config                   


GLOBAL SYMBOLS: SORTED BY Symbol Address 

address   name                          
-------   ----                          
00000000  __TI_static_base__            
00000000  g_pfnVectors                  
00000100  __STACK_SIZE                  
00000201  SysCtlClockFreqSet            
00000401  UARTvprintf                   
000005f1  GPIOPadConfigSet              
0000075d  __aeabi_memcpy                
0000075d  __aeabi_memcpy4               
0000075d  __aeabi_memcpy8               
0000075d  memcpy                        
000007f9  IntEnable                     
00000861  __TI_decompress_lzss          
000008c9  TimerConfigure                
00000929  UARTStdioConfig               
00000989  main                          
000009e1  UARTwrite                     
00000a31  GPIOPinConfigure              
00000ac5  __TI_auto_init_nobinit_nopinit
00000b09  __aeabi_uidiv                 
00000b09  __aeabi_uidivmod              
00000b49  uart_config                   
00000b89  SysCtlPeripheralReady         
00000bc1  SysCtlPeripheralEnable        
00000bf5  Timer0IntHandler              
00000c29  _c_int00_noargs               
00000c5d  GPIODirModeSet                
00000c89  timer_configure_timer0        
00000cd5  gpio_toggle_led1              
00000cf5  gpio_enable_peripheral        
00000d11  timer_en_timer0_peripheral    
00000d2d  GPIOPinTypeGPIOOutput         
00000d47  UARTprintf                    
00000d61  GPIOPinTypeUART               
00000d77  TimerLoadSet                  
00000d89  IntMasterDisable              
00000d99  IntMasterEnable               
00000da9  TimerEnable                   
00000db7  __TI_decompress_none          
00000dc5  CPUcpsid                      
00000dd1  CPUcpsie                      
00000ddd  gpio_configure_leds           
00000de9  timer_enable_timer0           
00000df5  TimerIntEnable                
00000dfd  GPIOPinRead                   
00000e03  GPIOPinWrite                  
00000e09  ResetISR                      
00000e0f  TimerIntClear                 
00000e13  _system_pre_init              
00000e17  C$$EXIT                       
00000e17  abort                         
00000e1f  __aeabi_idiv0                 
00000e1f  __aeabi_ldiv0                 
00001130  __TI_Handler_Table_Base       
00001138  __TI_Handler_Table_Limit      
00001140  __TI_CINIT_Base               
00001148  __TI_CINIT_Limit              
20000000  __stack                       
20000100  __STACK_END                   
20000100  __STACK_TOP                   
ffffffff  __TI_pprof_out_hndl           
ffffffff  __TI_prof_data_size           
ffffffff  __TI_prof_data_start          
ffffffff  __binit__                     
ffffffff  __c_args__                    
ffffffff  binit                         
UNDEFED   __mpu_init                    
UNDEFED   _system_post_cinit            

[67 symbols]
