******************************************************************************
                  TI ARM Linker PC v18.12.8                    
******************************************************************************
>> Linked Tue Mar 22 09:42:46 2022

OUTPUT FILE NAME:   <timers_and_interrupts.out>
ENTRY POINT SYMBOL: "_c_int00_noargs"  address: 00000c9d


MEMORY CONFIGURATION

         name            origin    length      used     unused   attr    fill
----------------------  --------  ---------  --------  --------  ----  --------
  FLASH                 00000000   00100000  000011bc  000fee44  R  X
  SRAM                  20000000   00040000  0000010d  0003fef3  RW X


SEGMENT ALLOCATION MAP

run origin  load origin   length   init length attrs members
----------  ----------- ---------- ----------- ----- -------
00000000    00000000    000011c0   000011c0    r-x
  00000000    00000000    00000200   00000200    r-- .intvecs
  00000200    00000200    00000c94   00000c94    r-x .text
  00000e94    00000e94    00000310   00000310    r-- .const
  000011a8    000011a8    00000018   00000018    r-- .cinit
20000000    20000000    0000010d   00000000    rw-
  20000000    20000000    00000100   00000000    rw- .stack
  20000100    20000100    0000000d   00000000    rw- .data


SECTION ALLOCATION MAP

 output                                  attributes/
section   page    origin      length       input sections
--------  ----  ----------  ----------   ----------------
.intvecs   0    00000000    00000200     
                  00000000    00000200     startup_ccs.obj (.intvecs)

.text      0    00000200    00000c94     
                  00000200    00000200     driverlib.lib : sysctl.obj (.text:SysCtlClockFreqSet)
                  00000400    000001ee     uartstdio.obj (.text:UARTvprintf)
                  000005ee    00000002     startup_ccs.obj (.text:FaultISR)
                  000005f0    0000016c     driverlib.lib : gpio.obj (.text:GPIOPadConfigSet)
                  0000075c    0000009c     rtsv7M4_T_le_v4SPD16_eabi.lib : memcpy_t2.asm.obj (.text)
                  000007f8    00000070     project0.obj (.text:main)
                  00000868    00000068     driverlib.lib : interrupt.obj (.text:IntEnable)
                  000008d0    00000068     rtsv7M4_T_le_v4SPD16_eabi.lib : copy_decompress_lzss.c.obj (.text:decompress:lzss:__TI_decompress_lzss)
                  00000938    00000060     driverlib.lib : timer.obj (.text:TimerConfigure)
                  00000998    00000060     uartstdio.obj (.text:UARTStdioConfig)
                  000009f8    0000005c     task.obj (.text:task1)
                  00000a54    00000050     uartstdio.obj (.text:UARTwrite)
                  00000aa4    0000004c     driverlib.lib : gpio.obj (.text:GPIOPinConfigure)
                  00000af0    00000048                   : sysctl.obj (.text:_SysCtlFrequencyGet)
                  00000b38    00000044     rtsv7M4_T_le_v4SPD16_eabi.lib : autoinit.c.obj (.text:__TI_auto_init_nobinit_nopinit:__TI_auto_init_nobinit_nopinit)
                  00000b7c    00000040                                   : u_divt2.asm.obj (.text)
                  00000bbc    00000040     uart.obj (.text:uart_config)
                  00000bfc    00000038     driverlib.lib : sysctl.obj (.text:SysCtlPeripheralReady)
                  00000c34    00000034                   : sysctl.obj (.text:SysCtlPeripheralEnable)
                  00000c68    00000034     timer.obj (.text:Timer0IntHandler)
                  00000c9c    00000034     rtsv7M4_T_le_v4SPD16_eabi.lib : boot_cortex_m.c.obj (.text:_c_int00_noargs:_c_int00_noargs)
                  00000cd0    0000002c     driverlib.lib : gpio.obj (.text:GPIODirModeSet)
                  00000cfc    0000002c     timer.obj (.text:timer_configure_timer0)
                  00000d28    00000020     driverlib.lib : sysctl.obj (.text:_SysCtlMemTimingGet)
                  00000d48    00000020     gpio.obj (.text:gpio_toggle_led1)
                  00000d68    0000001c     gpio.obj (.text:gpio_enable_peripheral)
                  00000d84    0000001c     timer.obj (.text:timer_en_timer0_peripheral)
                  00000da0    0000001a     driverlib.lib : gpio.obj (.text:GPIOPinTypeGPIOOutput)
                  00000dba    0000001a     uartstdio.obj (.text:UARTprintf)
                  00000dd4    00000016     driverlib.lib : gpio.obj (.text:GPIOPinTypeUART)
                  00000dea    00000012                   : timer.obj (.text:TimerLoadSet)
                  00000dfc    00000010                   : interrupt.obj (.text:IntMasterDisable)
                  00000e0c    00000010                   : interrupt.obj (.text:IntMasterEnable)
                  00000e1c    0000000e                   : timer.obj (.text:TimerEnable)
                  00000e2a    0000000e     rtsv7M4_T_le_v4SPD16_eabi.lib : copy_decompress_none.c.obj (.text:decompress:none:__TI_decompress_none)
                  00000e38    0000000c     driverlib.lib : cpu.obj (.text:CPUcpsid)
                  00000e44    0000000c                   : cpu.obj (.text:CPUcpsie)
                  00000e50    0000000c     gpio.obj (.text:gpio_configure_leds)
                  00000e5c    0000000c     timer.obj (.text:timer_enable_timer0)
                  00000e68    00000008     driverlib.lib : timer.obj (.text:TimerIntEnable)
                  00000e70    00000006                   : gpio.obj (.text:GPIOPinRead)
                  00000e76    00000006                   : gpio.obj (.text:GPIOPinWrite)
                  00000e7c    00000006     startup_ccs.obj (.text:ResetISR)
                  00000e82    00000004     driverlib.lib : timer.obj (.text:TimerIntClear)
                  00000e86    00000004     rtsv7M4_T_le_v4SPD16_eabi.lib : pre_init.c.obj (.text:_system_pre_init)
                  00000e8a    00000004                                   : exit.c.obj (.text:abort:abort)
                  00000e8e    00000002     startup_ccs.obj (.text:IntDefaultHandler)
                  00000e90    00000002     startup_ccs.obj (.text:NmiSR)
                  00000e92    00000002     rtsv7M4_T_le_v4SPD16_eabi.lib : div0.asm.obj (.text)

.const     0    00000e94    00000310     
                  00000e94    000001b0     driverlib.lib : sysctl.obj (.const:g_pppui32XTALtoVCO)
                  00001044    00000090                   : gpio.obj (.const:g_pui32GPIOBaseAddrs)
                  000010d4    0000006c                   : sysctl.obj (.const:g_pui32Xtals)
                  00001140    00000030                   : sysctl.obj (.const:g_sXTALtoMEMTIM)
                  00001170    00000014                   : interrupt.obj (.const:g_pui32EnRegs)
                  00001184    0000000c     uartstdio.obj (.const:g_ui32UARTBase)
                  00001190    0000000c     uartstdio.obj (.const:g_ui32UARTPeriph)
                  0000119c    00000008     driverlib.lib : sysctl.obj (.const:g_pui32VCOFrequencies)

.cinit     0    000011a8    00000018     
                  000011a8    00000008     (__TI_handler_table)
                  000011b0    00000007     (.cinit..data.load) [load image, compression = lzss]
                  000011b7    00000001     --HOLE-- [fill = 0]
                  000011b8    00000008     (__TI_cinit_table)

.init_array 
*          0    00000000    00000000     UNINITIALIZED

.data      0    20000100    0000000d     UNINITIALIZED
                  20000100    00000008     project0.obj (.data)
                  20000108    00000005     uartstdio.obj (.data)

.stack     0    20000000    00000100     UNINITIALIZED
                  20000000    00000004     rtsv7M4_T_le_v4SPD16_eabi.lib : boot_cortex_m.c.obj (.stack)
                  20000004    000000fc     --HOLE--

.binit     0    00000000    00000000     

MODULE SUMMARY

       Module                       code   ro data   rw data
       ------                       ----   -------   -------
    .\
       uartstdio.obj                696    24        5      
       startup_ccs.obj              12     512       0      
       project0.obj                 112    0         8      
    +--+----------------------------+------+---------+---------+
       Total:                       820    536       13     
                                                            
    .\src\
       timer.obj                    136    0         0      
       task.obj                     92     0         0      
       gpio.obj                     72     0         0      
       uart.obj                     64     0         0      
    +--+----------------------------+------+---------+---------+
       Total:                       364    0         0      
                                                            
    D:/ti/TivaWare_C_Series-2.2.0.295/driverlib/ccs/Debug/driverlib.lib
       sysctl.obj                   724    596       0      
       gpio.obj                     544    144       0      
       interrupt.obj                136    20        0      
       timer.obj                    140    0         0      
       cpu.obj                      24     0         0      
    +--+----------------------------+------+---------+---------+
       Total:                       1568   760       0      
                                                            
    D:\ti\ccs1110\ccs\tools\compiler\ti-cgt-arm_18.12.8.LTS\lib\rtsv7M4_T_le_v4SPD16_eabi.lib
       memcpy_t2.asm.obj            156    0         0      
       copy_decompress_lzss.c.obj   104    0         0      
       autoinit.c.obj               68     0         0      
       u_divt2.asm.obj              64     0         0      
       boot_cortex_m.c.obj          52     0         0      
       copy_decompress_none.c.obj   14     0         0      
       exit.c.obj                   4      0         0      
       pre_init.c.obj               4      0         0      
       div0.asm.obj                 2      0         0      
    +--+----------------------------+------+---------+---------+
       Total:                       468    0         0      
                                                            
       Stack:                       0      0         256    
       Linker Generated:            0      23        0      
    +--+----------------------------+------+---------+---------+
       Grand Total:                 3220   1319      269    


LINKER GENERATED COPY TABLES

__TI_cinit_table @ 000011b8 records: 1, size/record: 8, table size: 8
	.data: load addr=000011b0, load size=00000007 bytes, run addr=20000100, run size=0000000d bytes, compression=lzss


LINKER GENERATED HANDLER TABLE

__TI_handler_table @ 000011a8 records: 2, size/record: 4, table size: 8
	index: 0, handler: __TI_decompress_lzss
	index: 1, handler: __TI_decompress_none


GLOBAL SYMBOLS: SORTED ALPHABETICALLY BY Name 

address   name                          
-------   ----                          
00000e8b  C$$EXIT                       
00000e39  CPUcpsid                      
00000e45  CPUcpsie                      
00000cd1  GPIODirModeSet                
000005f1  GPIOPadConfigSet              
00000aa5  GPIOPinConfigure              
00000e71  GPIOPinRead                   
00000da1  GPIOPinTypeGPIOOutput         
00000dd5  GPIOPinTypeUART               
00000e77  GPIOPinWrite                  
00000869  IntEnable                     
00000dfd  IntMasterDisable              
00000e0d  IntMasterEnable               
00000e7d  ResetISR                      
00000201  SysCtlClockFreqSet            
00000c35  SysCtlPeripheralEnable        
00000bfd  SysCtlPeripheralReady         
00000c69  Timer0IntHandler              
00000939  TimerConfigure                
00000e1d  TimerEnable                   
00000e83  TimerIntClear                 
00000e69  TimerIntEnable                
00000deb  TimerLoadSet                  
00000999  UARTStdioConfig               
00000dbb  UARTprintf                    
00000401  UARTvprintf                   
00000a55  UARTwrite                     
20000100  __STACK_END                   
00000100  __STACK_SIZE                  
20000100  __STACK_TOP                   
000011b8  __TI_CINIT_Base               
000011c0  __TI_CINIT_Limit              
000011a8  __TI_Handler_Table_Base       
000011b0  __TI_Handler_Table_Limit      
00000b39  __TI_auto_init_nobinit_nopinit
000008d1  __TI_decompress_lzss          
00000e2b  __TI_decompress_none          
ffffffff  __TI_pprof_out_hndl           
ffffffff  __TI_prof_data_size           
ffffffff  __TI_prof_data_start          
00000000  __TI_static_base__            
00000e93  __aeabi_idiv0                 
00000e93  __aeabi_ldiv0                 
0000075d  __aeabi_memcpy                
0000075d  __aeabi_memcpy4               
0000075d  __aeabi_memcpy8               
00000b7d  __aeabi_uidiv                 
00000b7d  __aeabi_uidivmod              
ffffffff  __binit__                     
ffffffff  __c_args__                    
UNDEFED   __mpu_init                    
20000000  __stack                       
00000c9d  _c_int00_noargs               
UNDEFED   _system_post_cinit            
00000e87  _system_pre_init              
00000e8b  abort                         
ffffffff  binit                         
20000104  events                        
00000000  g_pfnVectors                  
00000e51  gpio_configure_leds           
00000d69  gpio_enable_peripheral        
00000d49  gpio_toggle_led1              
000007f9  main                          
0000075d  memcpy                        
000009f9  task1                         
20000100  time                          
00000cfd  timer_configure_timer0        
00000d85  timer_en_timer0_peripheral    
00000e5d  timer_enable_timer0           
00000bbd  uart_config                   


GLOBAL SYMBOLS: SORTED BY Symbol Address 

address   name                          
-------   ----                          
00000000  __TI_static_base__            
00000000  g_pfnVectors                  
00000100  __STACK_SIZE                  
00000201  SysCtlClockFreqSet            
00000401  UARTvprintf                   
000005f1  GPIOPadConfigSet              
0000075d  __aeabi_memcpy                
0000075d  __aeabi_memcpy4               
0000075d  __aeabi_memcpy8               
0000075d  memcpy                        
000007f9  main                          
00000869  IntEnable                     
000008d1  __TI_decompress_lzss          
00000939  TimerConfigure                
00000999  UARTStdioConfig               
000009f9  task1                         
00000a55  UARTwrite                     
00000aa5  GPIOPinConfigure              
00000b39  __TI_auto_init_nobinit_nopinit
00000b7d  __aeabi_uidiv                 
00000b7d  __aeabi_uidivmod              
00000bbd  uart_config                   
00000bfd  SysCtlPeripheralReady         
00000c35  SysCtlPeripheralEnable        
00000c69  Timer0IntHandler              
00000c9d  _c_int00_noargs               
00000cd1  GPIODirModeSet                
00000cfd  timer_configure_timer0        
00000d49  gpio_toggle_led1              
00000d69  gpio_enable_peripheral        
00000d85  timer_en_timer0_peripheral    
00000da1  GPIOPinTypeGPIOOutput         
00000dbb  UARTprintf                    
00000dd5  GPIOPinTypeUART               
00000deb  TimerLoadSet                  
00000dfd  IntMasterDisable              
00000e0d  IntMasterEnable               
00000e1d  TimerEnable                   
00000e2b  __TI_decompress_none          
00000e39  CPUcpsid                      
00000e45  CPUcpsie                      
00000e51  gpio_configure_leds           
00000e5d  timer_enable_timer0           
00000e69  TimerIntEnable                
00000e71  GPIOPinRead                   
00000e77  GPIOPinWrite                  
00000e7d  ResetISR                      
00000e83  TimerIntClear                 
00000e87  _system_pre_init              
00000e8b  C$$EXIT                       
00000e8b  abort                         
00000e93  __aeabi_idiv0                 
00000e93  __aeabi_ldiv0                 
000011a8  __TI_Handler_Table_Base       
000011b0  __TI_Handler_Table_Limit      
000011b8  __TI_CINIT_Base               
000011c0  __TI_CINIT_Limit              
20000000  __stack                       
20000100  __STACK_END                   
20000100  __STACK_TOP                   
20000100  time                          
20000104  events                        
ffffffff  __TI_pprof_out_hndl           
ffffffff  __TI_prof_data_size           
ffffffff  __TI_prof_data_start          
ffffffff  __binit__                     
ffffffff  __c_args__                    
ffffffff  binit                         
UNDEFED   __mpu_init                    
UNDEFED   _system_post_cinit            

[70 symbols]
