<?xml version="1.0" encoding="ISO-8859-1" ?>
<link_info>
   <banner>TI ARM Linker PC v18.12.8.LTS</banner>
   <copyright>Copyright (c) 1996-2018 Texas Instruments Incorporated</copyright>
   <link_time>0x624627a3</link_time>
   <link_errors>0x0</link_errors>
   <output_file>seqgen_fast.out</output_file>
   <entry_point>
      <name>_c_int00_noargs</name>
      <address>0x2f09</address>
   </entry_point>
   <input_file_list>
      <input_file id="fl-2">
         <path>.\</path>
         <kind>object</kind>
         <file>croutine.obj</file>
         <name>croutine.obj</name>
      </input_file>
      <input_file id="fl-3">
         <path>.\</path>
         <kind>object</kind>
         <file>event_groups.obj</file>
         <name>event_groups.obj</name>
      </input_file>
      <input_file id="fl-4">
         <path>.\</path>
         <kind>object</kind>
         <file>heap_1.obj</file>
         <name>heap_1.obj</name>
      </input_file>
      <input_file id="fl-5">
         <path>.\</path>
         <kind>object</kind>
         <file>list.obj</file>
         <name>list.obj</name>
      </input_file>
      <input_file id="fl-6">
         <path>.\</path>
         <kind>object</kind>
         <file>main.obj</file>
         <name>main.obj</name>
      </input_file>
      <input_file id="fl-7">
         <path>.\</path>
         <kind>object</kind>
         <file>port.obj</file>
         <name>port.obj</name>
      </input_file>
      <input_file id="fl-8">
         <path>.\</path>
         <kind>object</kind>
         <file>portasm.obj</file>
         <name>portasm.obj</name>
      </input_file>
      <input_file id="fl-9">
         <path>.\</path>
         <kind>object</kind>
         <file>queue.obj</file>
         <name>queue.obj</name>
      </input_file>
      <input_file id="fl-a">
         <path>.\</path>
         <kind>object</kind>
         <file>startup_ccs.obj</file>
         <name>startup_ccs.obj</name>
      </input_file>
      <input_file id="fl-b">
         <path>.\</path>
         <kind>object</kind>
         <file>stream_buffer.obj</file>
         <name>stream_buffer.obj</name>
      </input_file>
      <input_file id="fl-c">
         <path>.\</path>
         <kind>object</kind>
         <file>tasks.obj</file>
         <name>tasks.obj</name>
      </input_file>
      <input_file id="fl-d">
         <path>.\</path>
         <kind>object</kind>
         <file>timers.obj</file>
         <name>timers.obj</name>
      </input_file>
      <input_file id="fl-e">
         <path>.\</path>
         <kind>object</kind>
         <file>uartstdio.obj</file>
         <name>uartstdio.obj</name>
      </input_file>
      <input_file id="fl-f">
         <path>.\src\</path>
         <kind>object</kind>
         <file>gpio.obj</file>
         <name>gpio.obj</name>
      </input_file>
      <input_file id="fl-10">
         <path>.\src\</path>
         <kind>object</kind>
         <file>task.obj</file>
         <name>task.obj</name>
      </input_file>
      <input_file id="fl-11">
         <path>.\src\</path>
         <kind>object</kind>
         <file>timer.obj</file>
         <name>timer.obj</name>
      </input_file>
      <input_file id="fl-12">
         <path>.\src\</path>
         <kind>object</kind>
         <file>uart.obj</file>
         <name>uart.obj</name>
      </input_file>
      <input_file id="fl-18">
         <kind>object</kind>
         <file>&lt;internal&gt;</file>
         <name>&lt;internal&gt;</name>
      </input_file>
      <input_file id="fl-19">
         <path>D:\ti\TivaWare_C_Series-2.2.0.295\driverlib\ccs\Debug\</path>
         <kind>archive</kind>
         <file>driverlib.lib</file>
         <name>gpio.obj</name>
      </input_file>
      <input_file id="fl-1a">
         <path>D:\ti\TivaWare_C_Series-2.2.0.295\driverlib\ccs\Debug\</path>
         <kind>archive</kind>
         <file>driverlib.lib</file>
         <name>interrupt.obj</name>
      </input_file>
      <input_file id="fl-1b">
         <path>D:\ti\TivaWare_C_Series-2.2.0.295\driverlib\ccs\Debug\</path>
         <kind>archive</kind>
         <file>driverlib.lib</file>
         <name>sysctl.obj</name>
      </input_file>
      <input_file id="fl-1c">
         <path>D:\ti\TivaWare_C_Series-2.2.0.295\driverlib\ccs\Debug\</path>
         <kind>archive</kind>
         <file>driverlib.lib</file>
         <name>timer.obj</name>
      </input_file>
      <input_file id="fl-1d">
         <path>D:\ti\TivaWare_C_Series-2.2.0.295\driverlib\ccs\Debug\</path>
         <kind>archive</kind>
         <file>driverlib.lib</file>
         <name>cpu.obj</name>
      </input_file>
      <input_file id="fl-d3">
         <path>D:\ti\ccs1110\ccs\tools\compiler\ti-cgt-arm_18.12.8.LTS\lib\</path>
         <kind>archive</kind>
         <file>rtsv7M4_T_le_v4SPD16_eabi.lib</file>
         <name>u_divt2.asm.obj</name>
      </input_file>
      <input_file id="fl-d4">
         <path>D:\ti\ccs1110\ccs\tools\compiler\ti-cgt-arm_18.12.8.LTS\lib\</path>
         <kind>archive</kind>
         <file>rtsv7M4_T_le_v4SPD16_eabi.lib</file>
         <name>memset_t2.asm.obj</name>
      </input_file>
      <input_file id="fl-d5">
         <path>D:\ti\ccs1110\ccs\tools\compiler\ti-cgt-arm_18.12.8.LTS\lib\</path>
         <kind>archive</kind>
         <file>rtsv7M4_T_le_v4SPD16_eabi.lib</file>
         <name>fd_div_t2.asm.obj</name>
      </input_file>
      <input_file id="fl-d6">
         <path>D:\ti\ccs1110\ccs\tools\compiler\ti-cgt-arm_18.12.8.LTS\lib\</path>
         <kind>archive</kind>
         <file>rtsv7M4_T_le_v4SPD16_eabi.lib</file>
         <name>memcpy_t2.asm.obj</name>
      </input_file>
      <input_file id="fl-d7">
         <path>D:\ti\ccs1110\ccs\tools\compiler\ti-cgt-arm_18.12.8.LTS\lib\</path>
         <kind>archive</kind>
         <file>rtsv7M4_T_le_v4SPD16_eabi.lib</file>
         <name>u_tofd_t2.asm.obj</name>
      </input_file>
      <input_file id="fl-d8">
         <path>D:\ti\ccs1110\ccs\tools\compiler\ti-cgt-arm_18.12.8.LTS\lib\</path>
         <kind>archive</kind>
         <file>rtsv7M4_T_le_v4SPD16_eabi.lib</file>
         <name>copy_zero_init.c.obj</name>
      </input_file>
      <input_file id="fl-d9">
         <path>D:\ti\ccs1110\ccs\tools\compiler\ti-cgt-arm_18.12.8.LTS\lib\</path>
         <kind>archive</kind>
         <file>rtsv7M4_T_le_v4SPD16_eabi.lib</file>
         <name>copy_decompress_none.c.obj</name>
      </input_file>
      <input_file id="fl-da">
         <path>D:\ti\ccs1110\ccs\tools\compiler\ti-cgt-arm_18.12.8.LTS\lib\</path>
         <kind>archive</kind>
         <file>rtsv7M4_T_le_v4SPD16_eabi.lib</file>
         <name>copy_decompress_lzss.c.obj</name>
      </input_file>
      <input_file id="fl-db">
         <path>D:\ti\ccs1110\ccs\tools\compiler\ti-cgt-arm_18.12.8.LTS\lib\</path>
         <kind>archive</kind>
         <file>rtsv7M4_T_le_v4SPD16_eabi.lib</file>
         <name>time.c.obj</name>
      </input_file>
      <input_file id="fl-dc">
         <path>D:\ti\ccs1110\ccs\tools\compiler\ti-cgt-arm_18.12.8.LTS\lib\</path>
         <kind>archive</kind>
         <file>rtsv7M4_T_le_v4SPD16_eabi.lib</file>
         <name>boot_cortex_m.c.obj</name>
      </input_file>
      <input_file id="fl-dd">
         <path>D:\ti\ccs1110\ccs\tools\compiler\ti-cgt-arm_18.12.8.LTS\lib\</path>
         <kind>archive</kind>
         <file>rtsv7M4_T_le_v4SPD16_eabi.lib</file>
         <name>div0.asm.obj</name>
      </input_file>
      <input_file id="fl-de">
         <path>D:\ti\ccs1110\ccs\tools\compiler\ti-cgt-arm_18.12.8.LTS\lib\</path>
         <kind>archive</kind>
         <file>rtsv7M4_T_le_v4SPD16_eabi.lib</file>
         <name>autoinit.c.obj</name>
      </input_file>
      <input_file id="fl-df">
         <path>D:\ti\ccs1110\ccs\tools\compiler\ti-cgt-arm_18.12.8.LTS\lib\</path>
         <kind>archive</kind>
         <file>rtsv7M4_T_le_v4SPD16_eabi.lib</file>
         <name>pre_init.c.obj</name>
      </input_file>
      <input_file id="fl-e0">
         <path>D:\ti\ccs1110\ccs\tools\compiler\ti-cgt-arm_18.12.8.LTS\lib\</path>
         <kind>archive</kind>
         <file>rtsv7M4_T_le_v4SPD16_eabi.lib</file>
         <name>cpy_tbl.c.obj</name>
      </input_file>
      <input_file id="fl-e1">
         <path>D:\ti\ccs1110\ccs\tools\compiler\ti-cgt-arm_18.12.8.LTS\lib\</path>
         <kind>archive</kind>
         <file>rtsv7M4_T_le_v4SPD16_eabi.lib</file>
         <name>exit.c.obj</name>
      </input_file>
      <input_file id="fl-e2">
         <path>D:\ti\ccs1110\ccs\tools\compiler\ti-cgt-arm_18.12.8.LTS\lib\</path>
         <kind>archive</kind>
         <file>rtsv7M4_T_le_v4SPD16_eabi.lib</file>
         <name>_lock.c.obj</name>
      </input_file>
      <input_file id="fl-e3">
         <path>D:\ti\ccs1110\ccs\tools\compiler\ti-cgt-arm_18.12.8.LTS\lib\</path>
         <kind>archive</kind>
         <file>rtsv7M4_T_le_v4SPD16_eabi.lib</file>
         <name>args_main.c.obj</name>
      </input_file>
      <input_file id="fl-e4">
         <path>D:\ti\ccs1110\ccs\tools\compiler\ti-cgt-arm_18.12.8.LTS\lib\</path>
         <kind>archive</kind>
         <file>rtsv7M4_T_le_v4SPD16_eabi.lib</file>
         <name>hosttime.c.obj</name>
      </input_file>
      <input_file id="fl-e5">
         <path>D:\ti\ccs1110\ccs\tools\compiler\ti-cgt-arm_18.12.8.LTS\lib\</path>
         <kind>archive</kind>
         <file>rtsv7M4_T_le_v4SPD16_eabi.lib</file>
         <name>trgmsg.c.obj</name>
      </input_file>
      <input_file id="fl-e6">
         <path>D:\ti\ccs1110\ccs\tools\compiler\ti-cgt-arm_18.12.8.LTS\lib\</path>
         <kind>archive</kind>
         <file>rtsv7M4_T_le_v4SPD16_eabi.lib</file>
         <name>hostopen.c.obj</name>
      </input_file>
      <input_file id="fl-e7">
         <path>D:\ti\ccs1110\ccs\tools\compiler\ti-cgt-arm_18.12.8.LTS\lib\</path>
         <kind>archive</kind>
         <file>rtsv7M4_T_le_v4SPD16_eabi.lib</file>
         <name>strlen.c.obj</name>
      </input_file>
   </input_file_list>
   <object_component_list>
      <object_component id="oc-10">
         <name>.intvecs</name>
         <load_address>0x0</load_address>
         <run_address>0x0</run_address>
         <size>0x208</size>
         <input_file_ref idref="fl-a"/>
      </object_component>
      <object_component id="oc-10a">
         <name>.text:vApplicationTickHook</name>
         <load_address>0x208</load_address>
         <run_address>0x208</run_address>
         <size>0x298</size>
         <input_file_ref idref="fl-6"/>
      </object_component>
      <object_component id="oc-2df">
         <name>.text:UARTvprintf</name>
         <load_address>0x4a0</load_address>
         <run_address>0x4a0</run_address>
         <size>0x204</size>
         <input_file_ref idref="fl-e"/>
      </object_component>
      <object_component id="oc-12f">
         <name>.text:SysCtlClockFreqSet</name>
         <load_address>0x6a4</load_address>
         <run_address>0x6a4</run_address>
         <size>0x200</size>
         <input_file_ref idref="fl-1b"/>
      </object_component>
      <object_component id="oc-e3">
         <name>.text:main</name>
         <load_address>0x8a4</load_address>
         <run_address>0x8a4</run_address>
         <size>0x1c8</size>
         <input_file_ref idref="fl-6"/>
      </object_component>
      <object_component id="oc-9f">
         <name>.text:xTaskIncrementTick</name>
         <load_address>0xa6c</load_address>
         <run_address>0xa6c</run_address>
         <size>0x188</size>
         <input_file_ref idref="fl-c"/>
      </object_component>
      <object_component id="oc-359">
         <name>.text:GPIOPadConfigSet</name>
         <load_address>0xbf4</load_address>
         <run_address>0xbf4</run_address>
         <size>0x16c</size>
         <input_file_ref idref="fl-19"/>
      </object_component>
      <object_component id="oc-17d">
         <name>.text:service_1</name>
         <load_address>0xd60</load_address>
         <run_address>0xd60</run_address>
         <size>0x158</size>
         <input_file_ref idref="fl-6"/>
      </object_component>
      <object_component id="oc-180">
         <name>.text:service_2</name>
         <load_address>0xeb8</load_address>
         <run_address>0xeb8</run_address>
         <size>0x158</size>
         <input_file_ref idref="fl-6"/>
      </object_component>
      <object_component id="oc-183">
         <name>.text:service_3</name>
         <load_address>0x1010</load_address>
         <run_address>0x1010</run_address>
         <size>0x158</size>
         <input_file_ref idref="fl-6"/>
      </object_component>
      <object_component id="oc-186">
         <name>.text:service_4</name>
         <load_address>0x1168</load_address>
         <run_address>0x1168</run_address>
         <size>0x158</size>
         <input_file_ref idref="fl-6"/>
      </object_component>
      <object_component id="oc-189">
         <name>.text:service_5</name>
         <load_address>0x12c0</load_address>
         <run_address>0x12c0</run_address>
         <size>0x158</size>
         <input_file_ref idref="fl-6"/>
      </object_component>
      <object_component id="oc-18c">
         <name>.text:service_6</name>
         <load_address>0x1418</load_address>
         <run_address>0x1418</run_address>
         <size>0x158</size>
         <input_file_ref idref="fl-6"/>
      </object_component>
      <object_component id="oc-18f">
         <name>.text:service_7</name>
         <load_address>0x1570</load_address>
         <run_address>0x1570</run_address>
         <size>0x158</size>
         <input_file_ref idref="fl-6"/>
      </object_component>
      <object_component id="oc-2aa">
         <name>.text:xTaskResumeAll</name>
         <load_address>0x16c8</load_address>
         <run_address>0x16c8</run_address>
         <size>0x154</size>
         <input_file_ref idref="fl-c"/>
      </object_component>
      <object_component id="oc-20c">
         <name>.text</name>
         <load_address>0x181c</load_address>
         <run_address>0x181c</run_address>
         <size>0x136</size>
         <input_file_ref idref="fl-d5"/>
      </object_component>
      <object_component id="oc-31">
         <name>.text:FaultISR</name>
         <load_address>0x1952</load_address>
         <run_address>0x1952</run_address>
         <size>0x2</size>
         <input_file_ref idref="fl-a"/>
      </object_component>
      <object_component id="oc-2fb">
         <name>.text:xQueueSemaphoreTake</name>
         <load_address>0x1954</load_address>
         <run_address>0x1954</run_address>
         <size>0x120</size>
         <input_file_ref idref="fl-9"/>
      </object_component>
      <object_component id="oc-153">
         <name>.text:xQueueGenericSend</name>
         <load_address>0x1a74</load_address>
         <run_address>0x1a74</run_address>
         <size>0xf8</size>
         <input_file_ref idref="fl-9"/>
      </object_component>
      <object_component id="oc-2c2">
         <name>.text:xTaskRemoveFromEventList</name>
         <load_address>0x1b6c</load_address>
         <run_address>0x1b6c</run_address>
         <size>0xf8</size>
         <input_file_ref idref="fl-c"/>
      </object_component>
      <object_component id="oc-515">
         <name>.text:xQueueReceive</name>
         <load_address>0x1c64</load_address>
         <run_address>0x1c64</run_address>
         <size>0xf4</size>
         <input_file_ref idref="fl-9"/>
      </object_component>
      <object_component id="oc-4b2">
         <name>.text:prvProcessReceivedCommands</name>
         <load_address>0x1d58</load_address>
         <run_address>0x1d58</run_address>
         <size>0xf0</size>
         <input_file_ref idref="fl-d"/>
      </object_component>
      <object_component id="oc-3d">
         <name>.text</name>
         <load_address>0x1e48</load_address>
         <run_address>0x1e48</run_address>
         <size>0xda</size>
         <input_file_ref idref="fl-8"/>
      </object_component>
      <object_component id="oc-37">
         <name>.text:IntDefaultHandler</name>
         <load_address>0x1f22</load_address>
         <run_address>0x1f22</run_address>
         <size>0x2</size>
         <input_file_ref idref="fl-a"/>
      </object_component>
      <object_component id="oc-27f">
         <name>.text:prvAddNewTaskToReadyList</name>
         <load_address>0x1f24</load_address>
         <run_address>0x1f24</run_address>
         <size>0xd4</size>
         <input_file_ref idref="fl-c"/>
      </object_component>
      <object_component id="oc-409">
         <name>.text:xTaskPriorityInherit</name>
         <load_address>0x1ff8</load_address>
         <run_address>0x1ff8</run_address>
         <size>0xc8</size>
         <input_file_ref idref="fl-c"/>
      </object_component>
      <object_component id="oc-279">
         <name>.text:prvInitialiseNewTask</name>
         <load_address>0x20c0</load_address>
         <run_address>0x20c0</run_address>
         <size>0xaa</size>
         <input_file_ref idref="fl-c"/>
      </object_component>
      <object_component id="oc-2b">
         <name>.text:NmiSR</name>
         <load_address>0x216a</load_address>
         <run_address>0x216a</run_address>
         <size>0x2</size>
         <input_file_ref idref="fl-a"/>
      </object_component>
      <object_component id="oc-3b4">
         <name>.text:prvAddCurrentTaskToDelayedList</name>
         <load_address>0x216c</load_address>
         <run_address>0x216c</run_address>
         <size>0xa8</size>
         <input_file_ref idref="fl-c"/>
      </object_component>
      <object_component id="oc-415">
         <name>.text:vTaskPriorityDisinheritAfterTimeout</name>
         <load_address>0x2214</load_address>
         <run_address>0x2214</run_address>
         <size>0xa8</size>
         <input_file_ref idref="fl-c"/>
      </object_component>
      <object_component id="oc-5c">
         <name>.text</name>
         <load_address>0x22bc</load_address>
         <run_address>0x22bc</run_address>
         <size>0x9c</size>
         <input_file_ref idref="fl-d6"/>
      </object_component>
      <object_component id="oc-3bb">
         <name>.text:xTaskPriorityDisinherit</name>
         <load_address>0x2358</load_address>
         <run_address>0x2358</run_address>
         <size>0x9c</size>
         <input_file_ref idref="fl-c"/>
      </object_component>
      <object_component id="oc-377">
         <name>.text:xQueueGenericReset</name>
         <load_address>0x23f4</load_address>
         <run_address>0x23f4</run_address>
         <size>0x94</size>
         <input_file_ref idref="fl-9"/>
      </object_component>
      <object_component id="oc-d7">
         <name>.text</name>
         <load_address>0x2488</load_address>
         <run_address>0x2488</run_address>
         <size>0x7a</size>
         <input_file_ref idref="fl-d4"/>
      </object_component>
      <object_component id="oc-2bc">
         <name>.text:prvCopyDataToQueue</name>
         <load_address>0x2502</load_address>
         <run_address>0x2502</run_address>
         <size>0x70</size>
         <input_file_ref idref="fl-9"/>
      </object_component>
      <object_component id="oc-48">
         <name>.text:Timer0IntHandler</name>
         <load_address>0x2572</load_address>
         <run_address>0x2572</run_address>
         <size>0x2</size>
         <input_file_ref idref="fl-6"/>
      </object_component>
      <object_component id="oc-4ac">
         <name>.text:prvProcessTimerOrBlockTask</name>
         <load_address>0x2574</load_address>
         <run_address>0x2574</run_address>
         <size>0x70</size>
         <input_file_ref idref="fl-d"/>
      </object_component>
      <object_component id="oc-159">
         <name>.text:vTaskStartScheduler</name>
         <load_address>0x25e4</load_address>
         <run_address>0x25e4</run_address>
         <size>0x70</size>
         <input_file_ref idref="fl-c"/>
      </object_component>
      <object_component id="oc-25f">
         <name>.text:pvPortMalloc</name>
         <load_address>0x2654</load_address>
         <run_address>0x2654</run_address>
         <size>0x6c</size>
         <input_file_ref idref="fl-4"/>
      </object_component>
      <object_component id="oc-13">
         <name>.text:decompress:lzss:__TI_decompress_lzss</name>
         <load_address>0x26c0</load_address>
         <run_address>0x26c0</run_address>
         <size>0x68</size>
         <input_file_ref idref="fl-da"/>
      </object_component>
      <object_component id="oc-393">
         <name>.text:prvInitialiseTaskLists</name>
         <load_address>0x2728</load_address>
         <run_address>0x2728</run_address>
         <size>0x68</size>
         <input_file_ref idref="fl-c"/>
      </object_component>
      <object_component id="oc-2a4">
         <name>.text:prvUnlockQueue</name>
         <load_address>0x2790</load_address>
         <run_address>0x2790</run_address>
         <size>0x66</size>
         <input_file_ref idref="fl-9"/>
      </object_component>
      <object_component id="oc-4c7">
         <name>.text</name>
         <load_address>0x27f6</load_address>
         <run_address>0x27f6</run_address>
         <size>0x2</size>
         <input_file_ref idref="fl-dd"/>
      </object_component>
      <object_component id="oc-29e">
         <name>.text:xTaskCheckForTimeOut</name>
         <load_address>0x27f8</load_address>
         <run_address>0x27f8</run_address>
         <size>0x64</size>
         <input_file_ref idref="fl-c"/>
      </object_component>
      <object_component id="oc-14d">
         <name>.text:xTaskCreate</name>
         <load_address>0x285c</load_address>
         <run_address>0x285c</run_address>
         <size>0x62</size>
         <input_file_ref idref="fl-c"/>
      </object_component>
      <object_component id="oc-273">
         <name>.text:vPortFree</name>
         <load_address>0x28be</load_address>
         <run_address>0x28be</run_address>
         <size>0x2</size>
         <input_file_ref idref="fl-4"/>
      </object_component>
      <object_component id="oc-24a">
         <name>.text:UARTStdioConfig</name>
         <load_address>0x28c0</load_address>
         <run_address>0x28c0</run_address>
         <size>0x60</size>
         <input_file_ref idref="fl-e"/>
      </object_component>
      <object_component id="oc-98">
         <name>.text:vTaskSwitchContext</name>
         <load_address>0x2920</load_address>
         <run_address>0x2920</run_address>
         <size>0x60</size>
         <input_file_ref idref="fl-c"/>
      </object_component>
      <object_component id="oc-3c3">
         <name>.text:prvCheckForValidListAndQueue</name>
         <load_address>0x2980</load_address>
         <run_address>0x2980</run_address>
         <size>0x5c</size>
         <input_file_ref idref="fl-d"/>
      </object_component>
      <object_component id="oc-1fb">
         <name>.text:xQueueReceiveFromISR</name>
         <load_address>0x29dc</load_address>
         <run_address>0x29dc</run_address>
         <size>0x5c</size>
         <input_file_ref idref="fl-9"/>
      </object_component>
      <object_component id="oc-211">
         <name>.text:xQueueGiveFromISR</name>
         <load_address>0x2a38</load_address>
         <run_address>0x2a38</run_address>
         <size>0x52</size>
         <input_file_ref idref="fl-9"/>
      </object_component>
      <object_component id="oc-3dd">
         <name>.text:prvCheckTasksWaitingTermination</name>
         <load_address>0x2a8c</load_address>
         <run_address>0x2a8c</run_address>
         <size>0x50</size>
         <input_file_ref idref="fl-c"/>
      </object_component>
      <object_component id="oc-23e">
         <name>.text:GPIOPinConfigure</name>
         <load_address>0x2adc</load_address>
         <run_address>0x2adc</run_address>
         <size>0x4c</size>
         <input_file_ref idref="fl-19"/>
      </object_component>
      <object_component id="oc-3e6">
         <name>.text:UARTwrite</name>
         <load_address>0x2b28</load_address>
         <run_address>0x2b28</run_address>
         <size>0x4c</size>
         <input_file_ref idref="fl-e"/>
      </object_component>
      <object_component id="oc-227">
         <name>.text:_SysCtlFrequencyGet</name>
         <load_address>0x2b74</load_address>
         <run_address>0x2b74</run_address>
         <size>0x48</size>
         <input_file_ref idref="fl-1b"/>
      </object_component>
      <object_component id="oc-509">
         <name>.text:prvInsertTimerInActiveList</name>
         <load_address>0x2bbc</load_address>
         <run_address>0x2bbc</run_address>
         <size>0x48</size>
         <input_file_ref idref="fl-d"/>
      </object_component>
      <object_component id="oc-496">
         <name>.text:vQueueAddToRegistry</name>
         <load_address>0x2c04</load_address>
         <run_address>0x2c04</run_address>
         <size>0x48</size>
         <input_file_ref idref="fl-9"/>
      </object_component>
      <object_component id="oc-4fc">
         <name>.text:vQueueWaitForMessageRestricted</name>
         <load_address>0x2c4c</load_address>
         <run_address>0x2c4c</run_address>
         <size>0x48</size>
         <input_file_ref idref="fl-9"/>
      </object_component>
      <object_component id="oc-19f">
         <name>.text:__TI_auto_init_nobinit_nopinit:__TI_auto_init_nobinit_nopinit</name>
         <load_address>0x2c94</load_address>
         <run_address>0x2c94</run_address>
         <size>0x44</size>
         <input_file_ref idref="fl-de"/>
      </object_component>
      <object_component id="oc-147">
         <name>.text:xQueueGenericCreate</name>
         <load_address>0x2cd8</load_address>
         <run_address>0x2cd8</run_address>
         <size>0x44</size>
         <input_file_ref idref="fl-9"/>
      </object_component>
      <object_component id="oc-502">
         <name>.text:prvProcessExpiredTimer</name>
         <load_address>0x2d1c</load_address>
         <run_address>0x2d1c</run_address>
         <size>0x40</size>
         <input_file_ref idref="fl-d"/>
      </object_component>
      <object_component id="oc-3ec">
         <name>.text</name>
         <load_address>0x2d5c</load_address>
         <run_address>0x2d5c</run_address>
         <size>0x40</size>
         <input_file_ref idref="fl-d3"/>
      </object_component>
      <object_component id="oc-135">
         <name>.text:uart_config</name>
         <load_address>0x2d9c</load_address>
         <run_address>0x2d9c</run_address>
         <size>0x40</size>
         <input_file_ref idref="fl-12"/>
      </object_component>
      <object_component id="oc-530">
         <name>.text:vTaskPlaceOnEventListRestricted</name>
         <load_address>0x2ddc</load_address>
         <run_address>0x2ddc</run_address>
         <size>0x40</size>
         <input_file_ref idref="fl-c"/>
      </object_component>
      <object_component id="oc-2cf">
         <name>.text:xPortStartScheduler</name>
         <load_address>0x2e1c</load_address>
         <run_address>0x2e1c</run_address>
         <size>0x40</size>
         <input_file_ref idref="fl-7"/>
      </object_component>
      <object_component id="oc-2c9">
         <name>.text:xTimerCreateTimerTask</name>
         <load_address>0x2e5c</load_address>
         <run_address>0x2e5c</run_address>
         <size>0x40</size>
         <input_file_ref idref="fl-d"/>
      </object_component>
      <object_component id="oc-251">
         <name>.text:SysCtlPeripheralReady</name>
         <load_address>0x2e9c</load_address>
         <run_address>0x2e9c</run_address>
         <size>0x38</size>
         <input_file_ref idref="fl-1b"/>
      </object_component>
      <object_component id="oc-238">
         <name>.text:SysCtlPeripheralEnable</name>
         <load_address>0x2ed4</load_address>
         <run_address>0x2ed4</run_address>
         <size>0x34</size>
         <input_file_ref idref="fl-1b"/>
      </object_component>
      <object_component id="oc-7a">
         <name>.text:_c_int00_noargs:_c_int00_noargs</name>
         <load_address>0x2f08</load_address>
         <run_address>0x2f08</run_address>
         <size>0x34</size>
         <input_file_ref idref="fl-dc"/>
      </object_component>
      <object_component id="oc-3ae">
         <name>.text:vListInsert</name>
         <load_address>0x2f3c</load_address>
         <run_address>0x2f3c</run_address>
         <size>0x32</size>
         <input_file_ref idref="fl-5"/>
      </object_component>
      <object_component id="oc-52a">
         <name>.text:prvSwitchTimerLists</name>
         <load_address>0x2f70</load_address>
         <run_address>0x2f70</run_address>
         <size>0x30</size>
         <input_file_ref idref="fl-d"/>
      </object_component>
      <object_component id="oc-353">
         <name>.text:GPIODirModeSet</name>
         <load_address>0x2fa0</load_address>
         <run_address>0x2fa0</run_address>
         <size>0x2c</size>
         <input_file_ref idref="fl-19"/>
      </object_component>
      <object_component id="oc-4fa">
         <name>.text:prvSampleTimeNow</name>
         <load_address>0x2fcc</load_address>
         <run_address>0x2fcc</run_address>
         <size>0x2c</size>
         <input_file_ref idref="fl-d"/>
      </object_component>
      <object_component id="oc-38c">
         <name>.text:pxPortInitialiseStack</name>
         <load_address>0x2ff8</load_address>
         <run_address>0x2ff8</run_address>
         <size>0x2c</size>
         <input_file_ref idref="fl-7"/>
      </object_component>
      <object_component id="oc-42">
         <name>.text:xPortSysTickHandler</name>
         <load_address>0x3024</load_address>
         <run_address>0x3024</run_address>
         <size>0x2c</size>
         <input_file_ref idref="fl-7"/>
      </object_component>
      <object_component id="oc-322">
         <name>.text:prvCopyDataFromQueue</name>
         <load_address>0x3050</load_address>
         <run_address>0x3050</run_address>
         <size>0x28</size>
         <input_file_ref idref="fl-9"/>
      </object_component>
      <object_component id="oc-2d5">
         <name>.text:prvIdleTask</name>
         <load_address>0x3078</load_address>
         <run_address>0x3078</run_address>
         <size>0x28</size>
         <input_file_ref idref="fl-c"/>
      </object_component>
      <object_component id="oc-50f">
         <name>.text:prvReloadTimer</name>
         <load_address>0x30a0</load_address>
         <run_address>0x30a0</run_address>
         <size>0x28</size>
         <input_file_ref idref="fl-d"/>
      </object_component>
      <object_component id="oc-104">
         <name>.text:prvResetNextTaskUnblockTime</name>
         <load_address>0x30c8</load_address>
         <run_address>0x30c8</run_address>
         <size>0x28</size>
         <input_file_ref idref="fl-c"/>
      </object_component>
      <object_component id="oc-48e">
         <name>.text:uxListRemove</name>
         <load_address>0x30f0</load_address>
         <run_address>0x30f0</run_address>
         <size>0x26</size>
         <input_file_ref idref="fl-5"/>
      </object_component>
      <object_component id="oc-4a6">
         <name>.text:prvGetNextExpireTime</name>
         <load_address>0x3118</load_address>
         <run_address>0x3118</run_address>
         <size>0x24</size>
         <input_file_ref idref="fl-d"/>
      </object_component>
      <object_component id="oc-221">
         <name>.text:_SysCtlMemTimingGet</name>
         <load_address>0x313c</load_address>
         <run_address>0x313c</run_address>
         <size>0x20</size>
         <input_file_ref idref="fl-1b"/>
      </object_component>
      <object_component id="oc-207">
         <name>.text</name>
         <load_address>0x315c</load_address>
         <run_address>0x315c</run_address>
         <size>0x20</size>
         <input_file_ref idref="fl-d7"/>
      </object_component>
      <object_component id="oc-3d6">
         <name>.text:vPortSetupTimerInterrupt</name>
         <load_address>0x317c</load_address>
         <run_address>0x317c</run_address>
         <size>0x20</size>
         <input_file_ref idref="fl-7"/>
      </object_component>
      <object_component id="oc-265">
         <name>.text:prvInitialiseNewQueue</name>
         <load_address>0x319c</load_address>
         <run_address>0x319c</run_address>
         <size>0x1e</size>
         <input_file_ref idref="fl-9"/>
      </object_component>
      <object_component id="oc-2b0">
         <name>.text:prvIsQueueFull</name>
         <load_address>0x31ba</load_address>
         <run_address>0x31ba</run_address>
         <size>0x1e</size>
         <input_file_ref idref="fl-9"/>
      </object_component>
      <object_component id="oc-46b">
         <name>.text:vListInitialise</name>
         <load_address>0x31d8</load_address>
         <run_address>0x31d8</run_address>
         <size>0x1e</size>
         <input_file_ref idref="fl-5"/>
      </object_component>
      <object_component id="oc-13b">
         <name>.text:gpio_enable_peripheral</name>
         <load_address>0x31f8</load_address>
         <run_address>0x31f8</run_address>
         <size>0x1c</size>
         <input_file_ref idref="fl-f"/>
      </object_component>
      <object_component id="oc-298">
         <name>.text:vPortEnterCritical</name>
         <load_address>0x3214</load_address>
         <run_address>0x3214</run_address>
         <size>0x1c</size>
         <input_file_ref idref="fl-7"/>
      </object_component>
      <object_component id="oc-2b6">
         <name>.text:vTaskPlaceOnEventList</name>
         <load_address>0x3230</load_address>
         <run_address>0x3230</run_address>
         <size>0x1c</size>
         <input_file_ref idref="fl-c"/>
      </object_component>
      <object_component id="oc-258">
         <name>.text:GPIOPinTypeGPIOOutput</name>
         <load_address>0x324c</load_address>
         <run_address>0x324c</run_address>
         <size>0x1a</size>
         <input_file_ref idref="fl-19"/>
      </object_component>
      <object_component id="oc-15f">
         <name>.text:UARTprintf</name>
         <load_address>0x3266</load_address>
         <run_address>0x3266</run_address>
         <size>0x1a</size>
         <input_file_ref idref="fl-e"/>
      </object_component>
      <object_component id="oc-403">
         <name>.text:prvIsQueueEmpty</name>
         <load_address>0x3280</load_address>
         <run_address>0x3280</run_address>
         <size>0x1a</size>
         <input_file_ref idref="fl-9"/>
      </object_component>
      <object_component id="oc-41b">
         <name>.text:pvTaskIncrementMutexHeldCount</name>
         <load_address>0x329c</load_address>
         <run_address>0x329c</run_address>
         <size>0x18</size>
         <input_file_ref idref="fl-c"/>
      </object_component>
      <object_component id="oc-286">
         <name>.text:vPortExitCritical</name>
         <load_address>0x32b4</load_address>
         <run_address>0x32b4</run_address>
         <size>0x18</size>
         <input_file_ref idref="fl-7"/>
      </object_component>
      <object_component id="oc-28c">
         <name>.text:vTaskInternalSetTimeOutState</name>
         <load_address>0x32cc</load_address>
         <run_address>0x32cc</run_address>
         <size>0x18</size>
         <input_file_ref idref="fl-c"/>
      </object_component>
      <object_component id="oc-244">
         <name>.text:GPIOPinTypeUART</name>
         <load_address>0x32e4</load_address>
         <run_address>0x32e4</run_address>
         <size>0x16</size>
         <input_file_ref idref="fl-19"/>
      </object_component>
      <object_component id="oc-40f">
         <name>.text:prvGetDisinheritPriorityAfterTimeout</name>
         <load_address>0x32fa</load_address>
         <run_address>0x32fa</run_address>
         <size>0x14</size>
         <input_file_ref idref="fl-9"/>
      </object_component>
      <object_component id="oc-3c9">
         <name>.text:prvTimerTask</name>
         <load_address>0x330e</load_address>
         <run_address>0x330e</run_address>
         <size>0x14</size>
         <input_file_ref idref="fl-d"/>
      </object_component>
      <object_component id="oc-4bf">
         <name>.text:prvDeleteTCB</name>
         <load_address>0x3322</load_address>
         <run_address>0x3322</run_address>
         <size>0x12</size>
         <input_file_ref idref="fl-c"/>
      </object_component>
      <object_component id="oc-474">
         <name>.text:prvTaskExitError</name>
         <load_address>0x3334</load_address>
         <run_address>0x3334</run_address>
         <size>0x10</size>
         <input_file_ref idref="fl-7"/>
      </object_component>
      <object_component id="oc-292">
         <name>.text:vTaskSuspendAll</name>
         <load_address>0x3344</load_address>
         <run_address>0x3344</run_address>
         <size>0x10</size>
         <input_file_ref idref="fl-c"/>
      </object_component>
      <object_component id="oc-19">
         <name>.text:decompress:none:__TI_decompress_none</name>
         <load_address>0x3354</load_address>
         <run_address>0x3354</run_address>
         <size>0xe</size>
         <input_file_ref idref="fl-d9"/>
      </object_component>
      <object_component id="oc-6e">
         <name>.text:decompress:ZI:__TI_zero_init</name>
         <load_address>0x3362</load_address>
         <run_address>0x3362</run_address>
         <size>0xc</size>
         <input_file_ref idref="fl-d8"/>
      </object_component>
      <object_component id="oc-141">
         <name>.text:gpio_configure_leds</name>
         <load_address>0x3370</load_address>
         <run_address>0x3370</run_address>
         <size>0xc</size>
         <input_file_ref idref="fl-f"/>
      </object_component>
      <object_component id="oc-3a2">
         <name>.text:vTaskMissedYield</name>
         <load_address>0x337c</load_address>
         <run_address>0x337c</run_address>
         <size>0xc</size>
         <input_file_ref idref="fl-c"/>
      </object_component>
      <object_component id="oc-201">
         <name>.text:xTaskGetTickCount</name>
         <load_address>0x3388</load_address>
         <run_address>0x3388</run_address>
         <size>0xc</size>
         <input_file_ref idref="fl-c"/>
      </object_component>
      <object_component id="oc-25">
         <name>.text:ResetISR</name>
         <load_address>0x3394</load_address>
         <run_address>0x3394</run_address>
         <size>0x6</size>
         <input_file_ref idref="fl-a"/>
      </object_component>
      <object_component id="oc-386">
         <name>.text:vListInitialiseItem</name>
         <load_address>0x339a</load_address>
         <run_address>0x339a</run_address>
         <size>0x6</size>
         <input_file_ref idref="fl-5"/>
      </object_component>
      <object_component id="oc-dd">
         <name>.text:_system_pre_init</name>
         <load_address>0x33a0</load_address>
         <run_address>0x33a0</run_address>
         <size>0x4</size>
         <input_file_ref idref="fl-df"/>
      </object_component>
      <object_component id="oc-193">
         <name>.text:abort:abort</name>
         <load_address>0x33a4</load_address>
         <run_address>0x33a4</run_address>
         <size>0x4</size>
         <input_file_ref idref="fl-e1"/>
      </object_component>
      <object_component id="oc-230">
         <name>.const:g_pppui32XTALtoVCO</name>
         <load_address>0x33a8</load_address>
         <run_address>0x33a8</run_address>
         <size>0x1b0</size>
         <input_file_ref idref="fl-1b"/>
      </object_component>
      <object_component id="oc-34e">
         <name>.const:g_pui32GPIOBaseAddrs</name>
         <load_address>0x3558</load_address>
         <run_address>0x3558</run_address>
         <size>0x90</size>
         <input_file_ref idref="fl-19"/>
      </object_component>
      <object_component id="oc-22d">
         <name>.const:g_pui32Xtals</name>
         <load_address>0x35e8</load_address>
         <run_address>0x35e8</run_address>
         <size>0x6c</size>
         <input_file_ref idref="fl-1b"/>
      </object_component>
      <object_component id="oc-32d">
         <name>.const:g_sXTALtoMEMTIM</name>
         <load_address>0x3654</load_address>
         <run_address>0x3654</run_address>
         <size>0x30</size>
         <input_file_ref idref="fl-1b"/>
      </object_component>
      <object_component id="oc-4cd">
         <name>.const:.string</name>
         <load_address>0x3684</load_address>
         <run_address>0x3684</run_address>
         <size>0x12</size>
         <input_file_ref idref="fl-e"/>
      </object_component>
      <object_component id="oc-369">
         <name>.const:g_ui32UARTBase</name>
         <load_address>0x3698</load_address>
         <run_address>0x3698</run_address>
         <size>0xc</size>
         <input_file_ref idref="fl-e"/>
      </object_component>
      <object_component id="oc-360">
         <name>.const:g_ui32UARTPeriph</name>
         <load_address>0x36a4</load_address>
         <run_address>0x36a4</run_address>
         <size>0xc</size>
         <input_file_ref idref="fl-e"/>
      </object_component>
      <object_component id="oc-233">
         <name>.const:g_pui32VCOFrequencies</name>
         <load_address>0x36b0</load_address>
         <run_address>0x36b0</run_address>
         <size>0x8</size>
         <input_file_ref idref="fl-1b"/>
      </object_component>
      <object_component id="oc-95">
         <name>.const</name>
         <load_address>0x36b8</load_address>
         <run_address>0x36b8</run_address>
         <size>0x4</size>
         <input_file_ref idref="fl-7"/>
      </object_component>
      <object_component id="oc-2db">
         <name>.const</name>
         <load_address>0x36bc</load_address>
         <run_address>0x36bc</run_address>
         <size>0x4</size>
         <input_file_ref idref="fl-c"/>
      </object_component>
      <object_component id="oc-3f1">
         <name>.const</name>
         <load_address>0x36c0</load_address>
         <run_address>0x36c0</run_address>
         <size>0x4</size>
         <input_file_ref idref="fl-e"/>
      </object_component>
      <object_component id="oc-56a">
         <name>.cinit..data.load</name>
         <load_address>0x36c8</load_address>
         <run_address>0x36c8</run_address>
         <size>0x17</size>
      </object_component>
      <object_component id="oc-568">
         <name>__TI_handler_table</name>
         <load_address>0x36e0</load_address>
         <run_address>0x36e0</run_address>
         <size>0xc</size>
      </object_component>
      <object_component id="oc-56b">
         <name>.cinit..bss.load</name>
         <load_address>0x36f0</load_address>
         <run_address>0x36f0</run_address>
         <size>0x8</size>
      </object_component>
      <object_component id="oc-569">
         <name>__TI_cinit_table</name>
         <load_address>0x36f8</load_address>
         <run_address>0x36f8</run_address>
         <size>0x10</size>
      </object_component>
      <object_component id="oc-36f">
         <name>.data</name>
         <load_address>0x2000c678</load_address>
         <run_address>0x2000c678</run_address>
         <size>0x8</size>
         <input_file_ref idref="fl-4"/>
      </object_component>
      <object_component id="oc-165">
         <name>.data</name>
         <load_address>0x2000c590</load_address>
         <run_address>0x2000c590</run_address>
         <size>0xa8</size>
         <input_file_ref idref="fl-6"/>
      </object_component>
      <object_component id="oc-39a">
         <name>.data</name>
         <load_address>0x2000c688</load_address>
         <run_address>0x2000c688</run_address>
         <size>0x4</size>
         <input_file_ref idref="fl-7"/>
      </object_component>
      <object_component id="oc-92">
         <name>.data</name>
         <load_address>0x2000c638</load_address>
         <run_address>0x2000c638</run_address>
         <size>0x34</size>
         <input_file_ref idref="fl-c"/>
      </object_component>
      <object_component id="oc-3cf">
         <name>.data</name>
         <load_address>0x2000c66c</load_address>
         <run_address>0x2000c66c</run_address>
         <size>0xc</size>
         <input_file_ref idref="fl-d"/>
      </object_component>
      <object_component id="oc-363">
         <name>.data</name>
         <load_address>0x2000c680</load_address>
         <run_address>0x2000c680</run_address>
         <size>0x5</size>
         <input_file_ref idref="fl-e"/>
      </object_component>
      <object_component id="oc-372">
         <name>.bss:ucHeap</name>
         <uninitialized>true</uninitialized>
         <run_address>0x20000000</run_address>
         <size>0xc350</size>
         <input_file_ref idref="fl-4"/>
      </object_component>
      <object_component id="oc-100">
         <name>.bss:pxReadyTasksLists</name>
         <uninitialized>true</uninitialized>
         <run_address>0x2000c350</run_address>
         <size>0x64</size>
         <input_file_ref idref="fl-c"/>
      </object_component>
      <object_component id="oc-47b">
         <name>.bss:xDelayedTaskList1</name>
         <uninitialized>true</uninitialized>
         <run_address>0x2000c41c</run_address>
         <size>0x14</size>
         <input_file_ref idref="fl-c"/>
      </object_component>
      <object_component id="oc-47e">
         <name>.bss:xDelayedTaskList2</name>
         <uninitialized>true</uninitialized>
         <run_address>0x2000c430</run_address>
         <size>0x14</size>
         <input_file_ref idref="fl-c"/>
      </object_component>
      <object_component id="oc-110">
         <name>.bss</name>
         <uninitialized>true</uninitialized>
         <run_address>0x2000c480</run_address>
         <size>0x8</size>
         <input_file_ref idref="fl-c"/>
      </object_component>
      <object_component id="oc-3a9">
         <name>.bss:xPendingReadyList</name>
         <uninitialized>true</uninitialized>
         <run_address>0x2000c444</run_address>
         <size>0x14</size>
         <input_file_ref idref="fl-c"/>
      </object_component>
      <object_component id="oc-481">
         <name>.bss:xTasksWaitingTermination</name>
         <uninitialized>true</uninitialized>
         <run_address>0x2000c46c</run_address>
         <size>0x14</size>
         <input_file_ref idref="fl-c"/>
      </object_component>
      <object_component id="oc-484">
         <name>.bss:xSuspendedTaskList</name>
         <uninitialized>true</uninitialized>
         <run_address>0x2000c458</run_address>
         <size>0x14</size>
         <input_file_ref idref="fl-c"/>
      </object_component>
      <object_component id="oc-49c">
         <name>.bss:xActiveTimerList1</name>
         <uninitialized>true</uninitialized>
         <run_address>0x2000c3f4</run_address>
         <size>0x14</size>
         <input_file_ref idref="fl-d"/>
      </object_component>
      <object_component id="oc-49f">
         <name>.bss:xActiveTimerList2</name>
         <uninitialized>true</uninitialized>
         <run_address>0x2000c408</run_address>
         <size>0x14</size>
         <input_file_ref idref="fl-d"/>
      </object_component>
      <object_component id="oc-4a2">
         <name>.bss</name>
         <uninitialized>true</uninitialized>
         <run_address>0x2000c488</run_address>
         <size>0x8</size>
         <input_file_ref idref="fl-d"/>
      </object_component>
      <object_component id="oc-4f1">
         <name>.common:xQueueRegistry</name>
         <uninitialized>true</uninitialized>
         <run_address>0x2000c3b4</run_address>
         <size>0x40</size>
      </object_component>
      <object_component id="oc-22">
         <name>.stack</name>
         <uninitialized>true</uninitialized>
         <run_address>0x2000c490</run_address>
         <size>0x4</size>
         <input_file_ref idref="fl-dc"/>
      </object_component>
      <object_component id="oc-56c">
         <name>.stack</name>
         <uninitialized>true</uninitialized>
         <run_address>0x2000c490</run_address>
         <size>0x0</size>
      </object_component>
      <object_component id="oc-119">
         <name>.debug_info</name>
         <load_address>0x0</load_address>
         <run_address>0x0</run_address>
         <size>0x210</size>
         <input_file_ref idref="fl-2"/>
      </object_component>
      <object_component id="oc-1f3">
         <name>.debug_info</name>
         <load_address>0x210</load_address>
         <run_address>0x210</run_address>
         <size>0x315</size>
         <input_file_ref idref="fl-2"/>
      </object_component>
      <object_component id="oc-b8">
         <name>.debug_info</name>
         <load_address>0x525</load_address>
         <run_address>0x525</run_address>
         <size>0x26b</size>
         <input_file_ref idref="fl-2"/>
      </object_component>
      <object_component id="oc-bd">
         <name>.debug_info</name>
         <load_address>0x790</load_address>
         <run_address>0x790</run_address>
         <size>0x461</size>
         <input_file_ref idref="fl-2"/>
      </object_component>
      <object_component id="oc-57">
         <name>.debug_info</name>
         <load_address>0xbf1</load_address>
         <run_address>0xbf1</run_address>
         <size>0x84</size>
         <input_file_ref idref="fl-2"/>
      </object_component>
      <object_component id="oc-21c">
         <name>.debug_info</name>
         <load_address>0xc75</load_address>
         <run_address>0xc75</run_address>
         <size>0xcc</size>
         <input_file_ref idref="fl-2"/>
      </object_component>
      <object_component id="oc-11a">
         <name>.debug_info</name>
         <load_address>0xd41</load_address>
         <run_address>0xd41</run_address>
         <size>0x2c</size>
         <input_file_ref idref="fl-2"/>
      </object_component>
      <object_component id="oc-114">
         <name>.debug_info</name>
         <load_address>0xd6d</load_address>
         <run_address>0xd6d</run_address>
         <size>0x2a4</size>
         <input_file_ref idref="fl-2"/>
      </object_component>
      <object_component id="oc-332">
         <name>.debug_info</name>
         <load_address>0x1011</load_address>
         <run_address>0x1011</run_address>
         <size>0xef</size>
         <input_file_ref idref="fl-2"/>
      </object_component>
      <object_component id="oc-a9">
         <name>.debug_info</name>
         <load_address>0x1100</load_address>
         <run_address>0x1100</run_address>
         <size>0xbb</size>
         <input_file_ref idref="fl-2"/>
      </object_component>
      <object_component id="oc-ae">
         <name>.debug_info</name>
         <load_address>0x11bb</load_address>
         <run_address>0x11bb</run_address>
         <size>0x53</size>
         <input_file_ref idref="fl-2"/>
      </object_component>
      <object_component id="oc-b3">
         <name>.debug_info</name>
         <load_address>0x120e</load_address>
         <run_address>0x120e</run_address>
         <size>0x53</size>
         <input_file_ref idref="fl-2"/>
      </object_component>
      <object_component id="oc-1e7">
         <name>.debug_info</name>
         <load_address>0x1261</load_address>
         <run_address>0x1261</run_address>
         <size>0x14c</size>
         <input_file_ref idref="fl-2"/>
      </object_component>
      <object_component id="oc-321">
         <name>.debug_info</name>
         <load_address>0x13ad</load_address>
         <run_address>0x13ad</run_address>
         <size>0x69c</size>
         <input_file_ref idref="fl-3"/>
      </object_component>
      <object_component id="oc-1d8">
         <name>.debug_info</name>
         <load_address>0x1a49</load_address>
         <run_address>0x1a49</run_address>
         <size>0x110</size>
         <input_file_ref idref="fl-3"/>
      </object_component>
      <object_component id="oc-1ec">
         <name>.debug_info</name>
         <load_address>0x1b59</load_address>
         <run_address>0x1b59</run_address>
         <size>0x461</size>
         <input_file_ref idref="fl-3"/>
      </object_component>
      <object_component id="oc-445">
         <name>.debug_info</name>
         <load_address>0x1fba</load_address>
         <run_address>0x1fba</run_address>
         <size>0x76</size>
         <input_file_ref idref="fl-3"/>
      </object_component>
      <object_component id="oc-44a">
         <name>.debug_info</name>
         <load_address>0x2030</load_address>
         <run_address>0x2030</run_address>
         <size>0x39</size>
         <input_file_ref idref="fl-3"/>
      </object_component>
      <object_component id="oc-1d3">
         <name>.debug_info</name>
         <load_address>0x2069</load_address>
         <run_address>0x2069</run_address>
         <size>0x4f</size>
         <input_file_ref idref="fl-3"/>
      </object_component>
      <object_component id="oc-376">
         <name>.debug_info</name>
         <load_address>0x20b8</load_address>
         <run_address>0x20b8</run_address>
         <size>0x430</size>
         <input_file_ref idref="fl-4"/>
      </object_component>
      <object_component id="oc-373">
         <name>.debug_info</name>
         <load_address>0x24e8</load_address>
         <run_address>0x24e8</run_address>
         <size>0x100</size>
         <input_file_ref idref="fl-4"/>
      </object_component>
      <object_component id="oc-370">
         <name>.debug_info</name>
         <load_address>0x25e8</load_address>
         <run_address>0x25e8</run_address>
         <size>0x10e</size>
         <input_file_ref idref="fl-4"/>
      </object_component>
      <object_component id="oc-274">
         <name>.debug_info</name>
         <load_address>0x26f6</load_address>
         <run_address>0x26f6</run_address>
         <size>0x1b0</size>
         <input_file_ref idref="fl-4"/>
      </object_component>
      <object_component id="oc-260">
         <name>.debug_info</name>
         <load_address>0x28a6</load_address>
         <run_address>0x28a6</run_address>
         <size>0x25a</size>
         <input_file_ref idref="fl-4"/>
      </object_component>
      <object_component id="oc-473">
         <name>.debug_info</name>
         <load_address>0x2b00</load_address>
         <run_address>0x2b00</run_address>
         <size>0x397</size>
         <input_file_ref idref="fl-5"/>
      </object_component>
      <object_component id="oc-3af">
         <name>.debug_info</name>
         <load_address>0x2e97</load_address>
         <run_address>0x2e97</run_address>
         <size>0x226</size>
         <input_file_ref idref="fl-5"/>
      </object_component>
      <object_component id="oc-387">
         <name>.debug_info</name>
         <load_address>0x30bd</load_address>
         <run_address>0x30bd</run_address>
         <size>0x1a8</size>
         <input_file_ref idref="fl-5"/>
      </object_component>
      <object_component id="oc-46c">
         <name>.debug_info</name>
         <load_address>0x3265</load_address>
         <run_address>0x3265</run_address>
         <size>0x1a0</size>
         <input_file_ref idref="fl-5"/>
      </object_component>
      <object_component id="oc-48f">
         <name>.debug_info</name>
         <load_address>0x3405</load_address>
         <run_address>0x3405</run_address>
         <size>0x1d3</size>
         <input_file_ref idref="fl-5"/>
      </object_component>
      <object_component id="oc-2ed">
         <name>.debug_info</name>
         <load_address>0x35d8</load_address>
         <run_address>0x35d8</run_address>
         <size>0x6a5</size>
         <input_file_ref idref="fl-6"/>
      </object_component>
      <object_component id="oc-175">
         <name>.debug_info</name>
         <load_address>0x3c7d</load_address>
         <run_address>0x3c7d</run_address>
         <size>0x431</size>
         <input_file_ref idref="fl-6"/>
      </object_component>
      <object_component id="oc-10b">
         <name>.debug_info</name>
         <load_address>0x40ae</load_address>
         <run_address>0x40ae</run_address>
         <size>0x3cf</size>
         <input_file_ref idref="fl-6"/>
      </object_component>
      <object_component id="oc-177">
         <name>.debug_info</name>
         <load_address>0x447d</load_address>
         <run_address>0x447d</run_address>
         <size>0x24a</size>
         <input_file_ref idref="fl-6"/>
      </object_component>
      <object_component id="oc-17a">
         <name>.debug_info</name>
         <load_address>0x46c7</load_address>
         <run_address>0x46c7</run_address>
         <size>0x24a</size>
         <input_file_ref idref="fl-6"/>
      </object_component>
      <object_component id="oc-169">
         <name>.debug_info</name>
         <load_address>0x4911</load_address>
         <run_address>0x4911</run_address>
         <size>0x24a</size>
         <input_file_ref idref="fl-6"/>
      </object_component>
      <object_component id="oc-16c">
         <name>.debug_info</name>
         <load_address>0x4b5b</load_address>
         <run_address>0x4b5b</run_address>
         <size>0x24a</size>
         <input_file_ref idref="fl-6"/>
      </object_component>
      <object_component id="oc-16f">
         <name>.debug_info</name>
         <load_address>0x4da5</load_address>
         <run_address>0x4da5</run_address>
         <size>0x248</size>
         <input_file_ref idref="fl-6"/>
      </object_component>
      <object_component id="oc-166">
         <name>.debug_info</name>
         <load_address>0x4fed</load_address>
         <run_address>0x4fed</run_address>
         <size>0x246</size>
         <input_file_ref idref="fl-6"/>
      </object_component>
      <object_component id="oc-172">
         <name>.debug_info</name>
         <load_address>0x5233</load_address>
         <run_address>0x5233</run_address>
         <size>0x245</size>
         <input_file_ref idref="fl-6"/>
      </object_component>
      <object_component id="oc-e4">
         <name>.debug_info</name>
         <load_address>0x5478</load_address>
         <run_address>0x5478</run_address>
         <size>0x303</size>
         <input_file_ref idref="fl-6"/>
      </object_component>
      <object_component id="oc-49">
         <name>.debug_info</name>
         <load_address>0x577b</load_address>
         <run_address>0x577b</run_address>
         <size>0x109</size>
         <input_file_ref idref="fl-6"/>
      </object_component>
      <object_component id="oc-3f9">
         <name>.debug_info</name>
         <load_address>0x5884</load_address>
         <run_address>0x5884</run_address>
         <size>0x4f</size>
         <input_file_ref idref="fl-6"/>
      </object_component>
      <object_component id="oc-2f4">
         <name>.debug_info</name>
         <load_address>0x58d3</load_address>
         <run_address>0x58d3</run_address>
         <size>0x2c</size>
         <input_file_ref idref="fl-6"/>
      </object_component>
      <object_component id="oc-3fe">
         <name>.debug_info</name>
         <load_address>0x58ff</load_address>
         <run_address>0x58ff</run_address>
         <size>0x46</size>
         <input_file_ref idref="fl-6"/>
      </object_component>
      <object_component id="oc-2e7">
         <name>.debug_info</name>
         <load_address>0x5945</load_address>
         <run_address>0x5945</run_address>
         <size>0x2c</size>
         <input_file_ref idref="fl-6"/>
      </object_component>
      <object_component id="oc-ff">
         <name>.debug_info</name>
         <load_address>0x5971</load_address>
         <run_address>0x5971</run_address>
         <size>0x46e</size>
         <input_file_ref idref="fl-7"/>
      </object_component>
      <object_component id="oc-96">
         <name>.debug_info</name>
         <load_address>0x5ddf</load_address>
         <run_address>0x5ddf</run_address>
         <size>0x132</size>
         <input_file_ref idref="fl-7"/>
      </object_component>
      <object_component id="oc-39b">
         <name>.debug_info</name>
         <load_address>0x5f11</load_address>
         <run_address>0x5f11</run_address>
         <size>0x119</size>
         <input_file_ref idref="fl-7"/>
      </object_component>
      <object_component id="oc-43">
         <name>.debug_info</name>
         <load_address>0x602a</load_address>
         <run_address>0x602a</run_address>
         <size>0x1dc</size>
         <input_file_ref idref="fl-7"/>
      </object_component>
      <object_component id="oc-3d7">
         <name>.debug_info</name>
         <load_address>0x6206</load_address>
         <run_address>0x6206</run_address>
         <size>0x1cd</size>
         <input_file_ref idref="fl-7"/>
      </object_component>
      <object_component id="oc-2d2">
         <name>.debug_info</name>
         <load_address>0x63d3</load_address>
         <run_address>0x63d3</run_address>
         <size>0x213</size>
         <input_file_ref idref="fl-7"/>
      </object_component>
      <object_component id="oc-288">
         <name>.debug_info</name>
         <load_address>0x65e6</load_address>
         <run_address>0x65e6</run_address>
         <size>0x1bf</size>
         <input_file_ref idref="fl-7"/>
      </object_component>
      <object_component id="oc-299">
         <name>.debug_info</name>
         <load_address>0x67a5</load_address>
         <run_address>0x67a5</run_address>
         <size>0x1c1</size>
         <input_file_ref idref="fl-7"/>
      </object_component>
      <object_component id="oc-38f">
         <name>.debug_info</name>
         <load_address>0x6966</load_address>
         <run_address>0x6966</run_address>
         <size>0x276</size>
         <input_file_ref idref="fl-7"/>
      </object_component>
      <object_component id="oc-477">
         <name>.debug_info</name>
         <load_address>0x6bdc</load_address>
         <run_address>0x6bdc</run_address>
         <size>0x1ae</size>
         <input_file_ref idref="fl-7"/>
      </object_component>
      <object_component id="oc-3f">
         <name>.debug_info</name>
         <load_address>0x6d8a</load_address>
         <run_address>0x6d8a</run_address>
         <size>0x267</size>
         <input_file_ref idref="fl-8"/>
      </object_component>
      <object_component id="oc-271">
         <name>.debug_info</name>
         <load_address>0x6ff1</load_address>
         <run_address>0x6ff1</run_address>
         <size>0x903</size>
         <input_file_ref idref="fl-9"/>
      </object_component>
      <object_component id="oc-405">
         <name>.debug_info</name>
         <load_address>0x78f4</load_address>
         <run_address>0x78f4</run_address>
         <size>0x1f5</size>
         <input_file_ref idref="fl-9"/>
      </object_component>
      <object_component id="oc-2a6">
         <name>.debug_info</name>
         <load_address>0x7ae9</load_address>
         <run_address>0x7ae9</run_address>
         <size>0x2a3</size>
         <input_file_ref idref="fl-9"/>
      </object_component>
      <object_component id="oc-411">
         <name>.debug_info</name>
         <load_address>0x7d8c</load_address>
         <run_address>0x7d8c</run_address>
         <size>0x21e</size>
         <input_file_ref idref="fl-9"/>
      </object_component>
      <object_component id="oc-2fd">
         <name>.debug_info</name>
         <load_address>0x7faa</load_address>
         <run_address>0x7faa</run_address>
         <size>0x59d</size>
         <input_file_ref idref="fl-9"/>
      </object_component>
      <object_component id="oc-324">
         <name>.debug_info</name>
         <load_address>0x8547</load_address>
         <run_address>0x8547</run_address>
         <size>0x1f2</size>
         <input_file_ref idref="fl-9"/>
      </object_component>
      <object_component id="oc-1fd">
         <name>.debug_info</name>
         <load_address>0x8739</load_address>
         <run_address>0x8739</run_address>
         <size>0x322</size>
         <input_file_ref idref="fl-9"/>
      </object_component>
      <object_component id="oc-517">
         <name>.debug_info</name>
         <load_address>0x8a5b</load_address>
         <run_address>0x8a5b</run_address>
         <size>0x480</size>
         <input_file_ref idref="fl-9"/>
      </object_component>
      <object_component id="oc-2b2">
         <name>.debug_info</name>
         <load_address>0x8edb</load_address>
         <run_address>0x8edb</run_address>
         <size>0x1f3</size>
         <input_file_ref idref="fl-9"/>
      </object_component>
      <object_component id="oc-2be">
         <name>.debug_info</name>
         <load_address>0x90ce</load_address>
         <run_address>0x90ce</run_address>
         <size>0x286</size>
         <input_file_ref idref="fl-9"/>
      </object_component>
      <object_component id="oc-155">
         <name>.debug_info</name>
         <load_address>0x9354</load_address>
         <run_address>0x9354</run_address>
         <size>0x4c3</size>
         <input_file_ref idref="fl-9"/>
      </object_component>
      <object_component id="oc-213">
         <name>.debug_info</name>
         <load_address>0x9817</load_address>
         <run_address>0x9817</run_address>
         <size>0x2d3</size>
         <input_file_ref idref="fl-9"/>
      </object_component>
      <object_component id="oc-379">
         <name>.debug_info</name>
         <load_address>0x9aea</load_address>
         <run_address>0x9aea</run_address>
         <size>0x290</size>
         <input_file_ref idref="fl-9"/>
      </object_component>
      <object_component id="oc-267">
         <name>.debug_info</name>
         <load_address>0x9d7a</load_address>
         <run_address>0x9d7a</run_address>
         <size>0x2c0</size>
         <input_file_ref idref="fl-9"/>
      </object_component>
      <object_component id="oc-149">
         <name>.debug_info</name>
         <load_address>0xa03a</load_address>
         <run_address>0xa03a</run_address>
         <size>0x2e4</size>
         <input_file_ref idref="fl-9"/>
      </object_component>
      <object_component id="oc-4fe">
         <name>.debug_info</name>
         <load_address>0xa31e</load_address>
         <run_address>0xa31e</run_address>
         <size>0x2df</size>
         <input_file_ref idref="fl-9"/>
      </object_component>
      <object_component id="oc-498">
         <name>.debug_info</name>
         <load_address>0xa5fd</load_address>
         <run_address>0xa5fd</run_address>
         <size>0x21e</size>
         <input_file_ref idref="fl-9"/>
      </object_component>
      <object_component id="oc-380">
         <name>.debug_info</name>
         <load_address>0xa81b</load_address>
         <run_address>0xa81b</run_address>
         <size>0x23f</size>
         <input_file_ref idref="fl-9"/>
      </object_component>
      <object_component id="oc-26c">
         <name>.debug_info</name>
         <load_address>0xaa5a</load_address>
         <run_address>0xaa5a</run_address>
         <size>0x46</size>
         <input_file_ref idref="fl-9"/>
      </object_component>
      <object_component id="oc-1dd">
         <name>.debug_info</name>
         <load_address>0xaaa0</load_address>
         <run_address>0xaaa0</run_address>
         <size>0x35</size>
         <input_file_ref idref="fl-9"/>
      </object_component>
      <object_component id="oc-50">
         <name>.debug_info</name>
         <load_address>0xaad5</load_address>
         <run_address>0xaad5</run_address>
         <size>0x404</size>
         <input_file_ref idref="fl-a"/>
      </object_component>
      <object_component id="oc-11">
         <name>.debug_info</name>
         <load_address>0xaed9</load_address>
         <run_address>0xaed9</run_address>
         <size>0xdb</size>
         <input_file_ref idref="fl-a"/>
      </object_component>
      <object_component id="oc-26">
         <name>.debug_info</name>
         <load_address>0xafb4</load_address>
         <run_address>0xafb4</run_address>
         <size>0x10b</size>
         <input_file_ref idref="fl-a"/>
      </object_component>
      <object_component id="oc-2c">
         <name>.debug_info</name>
         <load_address>0xb0bf</load_address>
         <run_address>0xb0bf</run_address>
         <size>0xf9</size>
         <input_file_ref idref="fl-a"/>
      </object_component>
      <object_component id="oc-38">
         <name>.debug_info</name>
         <load_address>0xb1b8</load_address>
         <run_address>0xb1b8</run_address>
         <size>0x114</size>
         <input_file_ref idref="fl-a"/>
      </object_component>
      <object_component id="oc-32">
         <name>.debug_info</name>
         <load_address>0xb2cc</load_address>
         <run_address>0xb2cc</run_address>
         <size>0x100</size>
         <input_file_ref idref="fl-a"/>
      </object_component>
      <object_component id="oc-126">
         <name>.debug_info</name>
         <load_address>0xb3cc</load_address>
         <run_address>0xb3cc</run_address>
         <size>0x2c</size>
         <input_file_ref idref="fl-b"/>
      </object_component>
      <object_component id="oc-f7">
         <name>.debug_info</name>
         <load_address>0xb3f8</load_address>
         <run_address>0xb3f8</run_address>
         <size>0x838</size>
         <input_file_ref idref="fl-c"/>
      </object_component>
      <object_component id="oc-93">
         <name>.debug_info</name>
         <load_address>0xbc30</load_address>
         <run_address>0xbc30</run_address>
         <size>0x35c</size>
         <input_file_ref idref="fl-c"/>
      </object_component>
      <object_component id="oc-101">
         <name>.debug_info</name>
         <load_address>0xbf8c</load_address>
         <run_address>0xbf8c</run_address>
         <size>0x105</size>
         <input_file_ref idref="fl-c"/>
      </object_component>
      <object_component id="oc-47c">
         <name>.debug_info</name>
         <load_address>0xc091</load_address>
         <run_address>0xc091</run_address>
         <size>0x105</size>
         <input_file_ref idref="fl-c"/>
      </object_component>
      <object_component id="oc-47f">
         <name>.debug_info</name>
         <load_address>0xc196</load_address>
         <run_address>0xc196</run_address>
         <size>0x105</size>
         <input_file_ref idref="fl-c"/>
      </object_component>
      <object_component id="oc-111">
         <name>.debug_info</name>
         <load_address>0xc29b</load_address>
         <run_address>0xc29b</run_address>
         <size>0x148</size>
         <input_file_ref idref="fl-c"/>
      </object_component>
      <object_component id="oc-3aa">
         <name>.debug_info</name>
         <load_address>0xc3e3</load_address>
         <run_address>0xc3e3</run_address>
         <size>0x105</size>
         <input_file_ref idref="fl-c"/>
      </object_component>
      <object_component id="oc-482">
         <name>.debug_info</name>
         <load_address>0xc4e8</load_address>
         <run_address>0xc4e8</run_address>
         <size>0x113</size>
         <input_file_ref idref="fl-c"/>
      </object_component>
      <object_component id="oc-485">
         <name>.debug_info</name>
         <load_address>0xc5fb</load_address>
         <run_address>0xc5fb</run_address>
         <size>0x107</size>
         <input_file_ref idref="fl-c"/>
      </object_component>
      <object_component id="oc-2dc">
         <name>.debug_info</name>
         <load_address>0xc702</load_address>
         <run_address>0xc702</run_address>
         <size>0x106</size>
         <input_file_ref idref="fl-c"/>
      </object_component>
      <object_component id="oc-105">
         <name>.debug_info</name>
         <load_address>0xc808</load_address>
         <run_address>0xc808</run_address>
         <size>0x193</size>
         <input_file_ref idref="fl-c"/>
      </object_component>
      <object_component id="oc-a0">
         <name>.debug_info</name>
         <load_address>0xc99b</load_address>
         <run_address>0xc99b</run_address>
         <size>0x2b2</size>
         <input_file_ref idref="fl-c"/>
      </object_component>
      <object_component id="oc-2ab">
         <name>.debug_info</name>
         <load_address>0xcc4d</load_address>
         <run_address>0xcc4d</run_address>
         <size>0x288</size>
         <input_file_ref idref="fl-c"/>
      </object_component>
      <object_component id="oc-2c3">
         <name>.debug_info</name>
         <load_address>0xced5</load_address>
         <run_address>0xced5</run_address>
         <size>0x264</size>
         <input_file_ref idref="fl-c"/>
      </object_component>
      <object_component id="oc-40a">
         <name>.debug_info</name>
         <load_address>0xd139</load_address>
         <run_address>0xd139</run_address>
         <size>0x23a</size>
         <input_file_ref idref="fl-c"/>
      </object_component>
      <object_component id="oc-3bc">
         <name>.debug_info</name>
         <load_address>0xd373</load_address>
         <run_address>0xd373</run_address>
         <size>0x22a</size>
         <input_file_ref idref="fl-c"/>
      </object_component>
      <object_component id="oc-202">
         <name>.debug_info</name>
         <load_address>0xd59d</load_address>
         <run_address>0xd59d</run_address>
         <size>0x199</size>
         <input_file_ref idref="fl-c"/>
      </object_component>
      <object_component id="oc-3b5">
         <name>.debug_info</name>
         <load_address>0xd736</load_address>
         <run_address>0xd736</run_address>
         <size>0x2d5</size>
         <input_file_ref idref="fl-c"/>
      </object_component>
      <object_component id="oc-293">
         <name>.debug_info</name>
         <load_address>0xda0b</load_address>
         <run_address>0xda0b</run_address>
         <size>0x17c</size>
         <input_file_ref idref="fl-c"/>
      </object_component>
      <object_component id="oc-27a">
         <name>.debug_info</name>
         <load_address>0xdb87</load_address>
         <run_address>0xdb87</run_address>
         <size>0x3df</size>
         <input_file_ref idref="fl-c"/>
      </object_component>
      <object_component id="oc-394">
         <name>.debug_info</name>
         <load_address>0xdf66</load_address>
         <run_address>0xdf66</run_address>
         <size>0x22a</size>
         <input_file_ref idref="fl-c"/>
      </object_component>
      <object_component id="oc-280">
         <name>.debug_info</name>
         <load_address>0xe190</load_address>
         <run_address>0xe190</run_address>
         <size>0x224</size>
         <input_file_ref idref="fl-c"/>
      </object_component>
      <object_component id="oc-14e">
         <name>.debug_info</name>
         <load_address>0xe3b4</load_address>
         <run_address>0xe3b4</run_address>
         <size>0x359</size>
         <input_file_ref idref="fl-c"/>
      </object_component>
      <object_component id="oc-28d">
         <name>.debug_info</name>
         <load_address>0xe70d</load_address>
         <run_address>0xe70d</run_address>
         <size>0x1cc</size>
         <input_file_ref idref="fl-c"/>
      </object_component>
      <object_component id="oc-29f">
         <name>.debug_info</name>
         <load_address>0xe8d9</load_address>
         <run_address>0xe8d9</run_address>
         <size>0x2b9</size>
         <input_file_ref idref="fl-c"/>
      </object_component>
      <object_component id="oc-99">
         <name>.debug_info</name>
         <load_address>0xeb92</load_address>
         <run_address>0xeb92</run_address>
         <size>0x1c4</size>
         <input_file_ref idref="fl-c"/>
      </object_component>
      <object_component id="oc-15a">
         <name>.debug_info</name>
         <load_address>0xed56</load_address>
         <run_address>0xed56</run_address>
         <size>0x1e3</size>
         <input_file_ref idref="fl-c"/>
      </object_component>
      <object_component id="oc-416">
         <name>.debug_info</name>
         <load_address>0xef39</load_address>
         <run_address>0xef39</run_address>
         <size>0x303</size>
         <input_file_ref idref="fl-c"/>
      </object_component>
      <object_component id="oc-531">
         <name>.debug_info</name>
         <load_address>0xf23c</load_address>
         <run_address>0xf23c</run_address>
         <size>0x2ae</size>
         <input_file_ref idref="fl-c"/>
      </object_component>
      <object_component id="oc-2b7">
         <name>.debug_info</name>
         <load_address>0xf4ea</load_address>
         <run_address>0xf4ea</run_address>
         <size>0x220</size>
         <input_file_ref idref="fl-c"/>
      </object_component>
      <object_component id="oc-3a3">
         <name>.debug_info</name>
         <load_address>0xf70a</load_address>
         <run_address>0xf70a</run_address>
         <size>0x17e</size>
         <input_file_ref idref="fl-c"/>
      </object_component>
      <object_component id="oc-4c0">
         <name>.debug_info</name>
         <load_address>0xf888</load_address>
         <run_address>0xf888</run_address>
         <size>0x1bb</size>
         <input_file_ref idref="fl-c"/>
      </object_component>
      <object_component id="oc-41c">
         <name>.debug_info</name>
         <load_address>0xfa43</load_address>
         <run_address>0xfa43</run_address>
         <size>0x19c</size>
         <input_file_ref idref="fl-c"/>
      </object_component>
      <object_component id="oc-3de">
         <name>.debug_info</name>
         <load_address>0xfbdf</load_address>
         <run_address>0xfbdf</run_address>
         <size>0x205</size>
         <input_file_ref idref="fl-c"/>
      </object_component>
      <object_component id="oc-2d6">
         <name>.debug_info</name>
         <load_address>0xfde4</load_address>
         <run_address>0xfde4</run_address>
         <size>0x1b4</size>
         <input_file_ref idref="fl-c"/>
      </object_component>
      <object_component id="oc-f8">
         <name>.debug_info</name>
         <load_address>0xff98</load_address>
         <run_address>0xff98</run_address>
         <size>0x30c</size>
         <input_file_ref idref="fl-c"/>
      </object_component>
      <object_component id="oc-1e2">
         <name>.debug_info</name>
         <load_address>0x102a4</load_address>
         <run_address>0x102a4</run_address>
         <size>0x145</size>
         <input_file_ref idref="fl-c"/>
      </object_component>
      <object_component id="oc-4b9">
         <name>.debug_info</name>
         <load_address>0x103e9</load_address>
         <run_address>0x103e9</run_address>
         <size>0x876</size>
         <input_file_ref idref="fl-d"/>
      </object_component>
      <object_component id="oc-49d">
         <name>.debug_info</name>
         <load_address>0x10c5f</load_address>
         <run_address>0x10c5f</run_address>
         <size>0x105</size>
         <input_file_ref idref="fl-d"/>
      </object_component>
      <object_component id="oc-4a0">
         <name>.debug_info</name>
         <load_address>0x10d64</load_address>
         <run_address>0x10d64</run_address>
         <size>0x105</size>
         <input_file_ref idref="fl-d"/>
      </object_component>
      <object_component id="oc-4a3">
         <name>.debug_info</name>
         <load_address>0x10e69</load_address>
         <run_address>0x10e69</run_address>
         <size>0x13d</size>
         <input_file_ref idref="fl-d"/>
      </object_component>
      <object_component id="oc-3d3">
         <name>.debug_info</name>
         <load_address>0x10fa6</load_address>
         <run_address>0x10fa6</run_address>
         <size>0x129</size>
         <input_file_ref idref="fl-d"/>
      </object_component>
      <object_component id="oc-3c5">
         <name>.debug_info</name>
         <load_address>0x110cf</load_address>
         <run_address>0x110cf</run_address>
         <size>0x229</size>
         <input_file_ref idref="fl-d"/>
      </object_component>
[...]
         <object_component_ref idref="oc-3ae"/>
      </symbol>
      <symbol id="sm-d9">
         <name>vListInitialiseItem</name>
         <value>0x339b</value>
         <object_component_ref idref="oc-386"/>
      </symbol>
      <symbol id="sm-da">
         <name>vListInitialise</name>
         <value>0x31d9</value>
         <object_component_ref idref="oc-46b"/>
      </symbol>
      <symbol id="sm-22f">
         <name>print_sem</name>
         <value>0x2000c5ac</value>
         <object_component_ref idref="oc-165"/>
      </symbol>
      <symbol id="sm-230">
         <name>sequencer_delay_time</name>
         <value>0x2000c5d0</value>
         <object_component_ref idref="oc-165"/>
      </symbol>
      <symbol id="sm-231">
         <name>myTask3Handle</name>
         <value>0x2000c5e0</value>
         <object_component_ref idref="oc-165"/>
      </symbol>
      <symbol id="sm-232">
         <name>service_1</name>
         <value>0xd61</value>
         <object_component_ref idref="oc-17d"/>
      </symbol>
      <symbol id="sm-233">
         <name>service_3</name>
         <value>0x1011</value>
         <object_component_ref idref="oc-183"/>
      </symbol>
      <symbol id="sm-234">
         <name>service_2</name>
         <value>0xeb9</value>
         <object_component_ref idref="oc-180"/>
      </symbol>
      <symbol id="sm-235">
         <name>service_5</name>
         <value>0x12c1</value>
         <object_component_ref idref="oc-189"/>
      </symbol>
      <symbol id="sm-236">
         <name>service_4</name>
         <value>0x1169</value>
         <object_component_ref idref="oc-186"/>
      </symbol>
      <symbol id="sm-237">
         <name>service_7</name>
         <value>0x1571</value>
         <object_component_ref idref="oc-18f"/>
      </symbol>
      <symbol id="sm-238">
         <name>service_6</name>
         <value>0x1419</value>
         <object_component_ref idref="oc-18c"/>
      </symbol>
      <symbol id="sm-239">
         <name>t1_sem</name>
         <value>0x2000c590</value>
         <object_component_ref idref="oc-165"/>
      </symbol>
      <symbol id="sm-23a">
         <name>myTask7Handle</name>
         <value>0x2000c5f0</value>
         <object_component_ref idref="oc-165"/>
      </symbol>
      <symbol id="sm-23b">
         <name>myTask2Handle</name>
         <value>0x2000c5dc</value>
         <object_component_ref idref="oc-165"/>
      </symbol>
      <symbol id="sm-23c">
         <name>t2_sem</name>
         <value>0x2000c594</value>
         <object_component_ref idref="oc-165"/>
      </symbol>
      <symbol id="sm-23d">
         <name>main</name>
         <value>0x8a5</value>
         <object_component_ref idref="oc-e3"/>
      </symbol>
      <symbol id="sm-23e">
         <name>abortTest</name>
         <value>0x2000c5b0</value>
         <object_component_ref idref="oc-165"/>
      </symbol>
      <symbol id="sm-23f">
         <name>t3_sem</name>
         <value>0x2000c598</value>
         <object_component_ref idref="oc-165"/>
      </symbol>
      <symbol id="sm-240">
         <name>myTask6Handle</name>
         <value>0x2000c5ec</value>
         <object_component_ref idref="oc-165"/>
      </symbol>
      <symbol id="sm-241">
         <name>myTask1Handle</name>
         <value>0x2000c5d8</value>
         <object_component_ref idref="oc-165"/>
      </symbol>
      <symbol id="sm-242">
         <name>t4_sem</name>
         <value>0x2000c59c</value>
         <object_component_ref idref="oc-165"/>
      </symbol>
      <symbol id="sm-243">
         <name>sequence_periods</name>
         <value>0x2000c5d4</value>
         <object_component_ref idref="oc-165"/>
      </symbol>
      <symbol id="sm-244">
         <name>t5_sem</name>
         <value>0x2000c5a0</value>
         <object_component_ref idref="oc-165"/>
      </symbol>
      <symbol id="sm-245">
         <name>myTask5Handle</name>
         <value>0x2000c5e8</value>
         <object_component_ref idref="oc-165"/>
      </symbol>
      <symbol id="sm-246">
         <name>abortS1</name>
         <value>0x2000c5b4</value>
         <object_component_ref idref="oc-165"/>
      </symbol>
      <symbol id="sm-247">
         <name>abortS3</name>
         <value>0x2000c5bc</value>
         <object_component_ref idref="oc-165"/>
      </symbol>
      <symbol id="sm-248">
         <name>abortS2</name>
         <value>0x2000c5b8</value>
         <object_component_ref idref="oc-165"/>
      </symbol>
      <symbol id="sm-249">
         <name>abortS5</name>
         <value>0x2000c5c4</value>
         <object_component_ref idref="oc-165"/>
      </symbol>
      <symbol id="sm-24a">
         <name>abortS4</name>
         <value>0x2000c5c0</value>
         <object_component_ref idref="oc-165"/>
      </symbol>
      <symbol id="sm-24b">
         <name>abortS7</name>
         <value>0x2000c5cc</value>
         <object_component_ref idref="oc-165"/>
      </symbol>
      <symbol id="sm-24c">
         <name>abortS6</name>
         <value>0x2000c5c8</value>
         <object_component_ref idref="oc-165"/>
      </symbol>
      <symbol id="sm-24d">
         <name>vApplicationTickHook</name>
         <value>0x209</value>
         <object_component_ref idref="oc-10a"/>
      </symbol>
      <symbol id="sm-24e">
         <name>t6_sem</name>
         <value>0x2000c5a4</value>
         <object_component_ref idref="oc-165"/>
      </symbol>
      <symbol id="sm-24f">
         <name>Timer0IntHandler</name>
         <value>0x2573</value>
         <object_component_ref idref="oc-48"/>
      </symbol>
      <symbol id="sm-250">
         <name>t7_sem</name>
         <value>0x2000c5a8</value>
         <object_component_ref idref="oc-165"/>
      </symbol>
      <symbol id="sm-251">
         <name>myTask4Handle</name>
         <value>0x2000c5e4</value>
         <object_component_ref idref="oc-165"/>
      </symbol>
      <symbol id="sm-2ad">
         <name>ulMaxSyscallInterruptPriority</name>
         <value>0x36b8</value>
         <object_component_ref idref="oc-95"/>
      </symbol>
      <symbol id="sm-2ae">
         <name>vPortSetupTimerInterrupt</name>
         <value>0x317d</value>
         <object_component_ref idref="oc-3d6"/>
      </symbol>
      <symbol id="sm-2af">
         <name>xPortSysTickHandler</name>
         <value>0x3025</value>
         <object_component_ref idref="oc-42"/>
      </symbol>
      <symbol id="sm-2b0">
         <name>pxPortInitialiseStack</name>
         <value>0x2ff9</value>
         <object_component_ref idref="oc-38c"/>
      </symbol>
      <symbol id="sm-2b1">
         <name>vPortExitCritical</name>
         <value>0x32b5</value>
         <object_component_ref idref="oc-286"/>
      </symbol>
      <symbol id="sm-2b2">
         <name>xPortStartScheduler</name>
         <value>0x2e1d</value>
         <object_component_ref idref="oc-2cf"/>
      </symbol>
      <symbol id="sm-2b3">
         <name>vPortEnterCritical</name>
         <value>0x3215</value>
         <object_component_ref idref="oc-298"/>
      </symbol>
      <symbol id="sm-2c2">
         <name>vPortStartFirstTask</name>
         <value>0x1ef1</value>
         <object_component_ref idref="oc-3d"/>
      </symbol>
      <symbol id="sm-2c3">
         <name>ulPortGetIPSR</name>
         <value>0x1e59</value>
         <object_component_ref idref="oc-3d"/>
      </symbol>
      <symbol id="sm-2c4">
         <name>vPortEnableVFP</name>
         <value>0x1f15</value>
         <object_component_ref idref="oc-3d"/>
      </symbol>
      <symbol id="sm-2c5">
         <name>xPortPendSVHandler</name>
         <value>0x1e71</value>
         <object_component_ref idref="oc-3d"/>
      </symbol>
      <symbol id="sm-2c6">
         <name>vPortSVCHandler</name>
         <value>0x1ed1</value>
         <object_component_ref idref="oc-3d"/>
      </symbol>
      <symbol id="sm-3b8">
         <name>xQueueRegistry</name>
         <value>0x2000c3b4</value>
      </symbol>
      <symbol id="sm-3b9">
         <name>vQueueAddToRegistry</name>
         <value>0x2c05</value>
         <object_component_ref idref="oc-496"/>
      </symbol>
      <symbol id="sm-3ba">
         <name>xQueueGenericCreate</name>
         <value>0x2cd9</value>
         <object_component_ref idref="oc-147"/>
      </symbol>
      <symbol id="sm-3bb">
         <name>xQueueGenericSend</name>
         <value>0x1a75</value>
         <object_component_ref idref="oc-153"/>
      </symbol>
      <symbol id="sm-3bc">
         <name>xQueueGenericReset</name>
         <value>0x23f5</value>
         <object_component_ref idref="oc-377"/>
      </symbol>
      <symbol id="sm-3bd">
         <name>xQueueReceiveFromISR</name>
         <value>0x29dd</value>
         <object_component_ref idref="oc-1fb"/>
      </symbol>
      <symbol id="sm-3be">
         <name>xQueueSemaphoreTake</name>
         <value>0x1955</value>
         <object_component_ref idref="oc-2fb"/>
      </symbol>
      <symbol id="sm-3bf">
         <name>xQueueGiveFromISR</name>
         <value>0x2a39</value>
         <object_component_ref idref="oc-211"/>
      </symbol>
      <symbol id="sm-3c0">
         <name>vQueueWaitForMessageRestricted</name>
         <value>0x2c4d</value>
         <object_component_ref idref="oc-4fc"/>
      </symbol>
      <symbol id="sm-3c1">
         <name>xQueueReceive</name>
         <value>0x1c65</value>
         <object_component_ref idref="oc-515"/>
      </symbol>
      <symbol id="sm-3f2">
         <name>ResetISR</name>
         <value>0x3395</value>
         <object_component_ref idref="oc-25"/>
      </symbol>
      <symbol id="sm-3f3">
         <name>g_pfnVectors</name>
         <value>0x0</value>
         <object_component_ref idref="oc-10"/>
      </symbol>
      <symbol id="sm-5e5">
         <name>vTaskSuspendAll</name>
         <value>0x3345</value>
         <object_component_ref idref="oc-292"/>
      </symbol>
      <symbol id="sm-5e6">
         <name>vTaskPlaceOnEventList</name>
         <value>0x3231</value>
         <object_component_ref idref="oc-2b6"/>
      </symbol>
      <symbol id="sm-5e7">
         <name>xTaskCheckForTimeOut</name>
         <value>0x27f9</value>
         <object_component_ref idref="oc-29e"/>
      </symbol>
      <symbol id="sm-5e8">
         <name>xTaskPriorityDisinherit</name>
         <value>0x2359</value>
         <object_component_ref idref="oc-3bb"/>
      </symbol>
      <symbol id="sm-5e9">
         <name>vTaskStartScheduler</name>
         <value>0x25e5</value>
         <object_component_ref idref="oc-159"/>
      </symbol>
      <symbol id="sm-5ea">
         <name>vTaskInternalSetTimeOutState</name>
         <value>0x32cd</value>
         <object_component_ref idref="oc-28c"/>
      </symbol>
      <symbol id="sm-5eb">
         <name>pvTaskIncrementMutexHeldCount</name>
         <value>0x329d</value>
         <object_component_ref idref="oc-41b"/>
      </symbol>
      <symbol id="sm-5ec">
         <name>vTaskPriorityDisinheritAfterTimeout</name>
         <value>0x2215</value>
         <object_component_ref idref="oc-415"/>
      </symbol>
      <symbol id="sm-5ed">
         <name>xTaskCreate</name>
         <value>0x285d</value>
         <object_component_ref idref="oc-14d"/>
      </symbol>
      <symbol id="sm-5ee">
         <name>vTaskMissedYield</name>
         <value>0x337d</value>
         <object_component_ref idref="oc-3a2"/>
      </symbol>
      <symbol id="sm-5ef">
         <name>xTaskResumeAll</name>
         <value>0x16c9</value>
         <object_component_ref idref="oc-2aa"/>
      </symbol>
      <symbol id="sm-5f0">
         <name>xTaskGetTickCount</name>
         <value>0x3389</value>
         <object_component_ref idref="oc-201"/>
      </symbol>
      <symbol id="sm-5f1">
         <name>pxCurrentTCB</name>
         <value>0x2000c638</value>
         <object_component_ref idref="oc-92"/>
      </symbol>
      <symbol id="sm-5f2">
         <name>uxTopUsedPriority</name>
         <value>0x36bc</value>
         <object_component_ref idref="oc-2db"/>
      </symbol>
      <symbol id="sm-5f3">
         <name>vTaskPlaceOnEventListRestricted</name>
         <value>0x2ddd</value>
         <object_component_ref idref="oc-530"/>
      </symbol>
      <symbol id="sm-5f4">
         <name>xTaskIncrementTick</name>
         <value>0xa6d</value>
         <object_component_ref idref="oc-9f"/>
      </symbol>
      <symbol id="sm-5f5">
         <name>vTaskSwitchContext</name>
         <value>0x2921</value>
         <object_component_ref idref="oc-98"/>
      </symbol>
      <symbol id="sm-5f6">
         <name>xTaskRemoveFromEventList</name>
         <value>0x1b6d</value>
         <object_component_ref idref="oc-2c2"/>
      </symbol>
      <symbol id="sm-5f7">
         <name>xTaskPriorityInherit</name>
         <value>0x1ff9</value>
         <object_component_ref idref="oc-409"/>
      </symbol>
      <symbol id="sm-6c7">
         <name>xTimerCreateTimerTask</name>
         <value>0x2e5d</value>
         <object_component_ref idref="oc-2c9"/>
      </symbol>
      <symbol id="sm-744">
         <name>UARTStdioConfig</name>
         <value>0x28c1</value>
         <object_component_ref idref="oc-24a"/>
      </symbol>
      <symbol id="sm-745">
         <name>UARTwrite</name>
         <value>0x2b29</value>
         <object_component_ref idref="oc-3e6"/>
      </symbol>
      <symbol id="sm-746">
         <name>UARTprintf</name>
         <value>0x3267</value>
         <object_component_ref idref="oc-15f"/>
      </symbol>
      <symbol id="sm-747">
         <name>UARTvprintf</name>
         <value>0x4a1</value>
         <object_component_ref idref="oc-2df"/>
      </symbol>
      <symbol id="sm-763">
         <name>gpio_configure_leds</name>
         <value>0x3371</value>
         <object_component_ref idref="oc-141"/>
      </symbol>
      <symbol id="sm-764">
         <name>gpio_enable_peripheral</name>
         <value>0x31f9</value>
         <object_component_ref idref="oc-13b"/>
      </symbol>
      <symbol id="sm-773">
         <name>uart_config</name>
         <value>0x2d9d</value>
         <object_component_ref idref="oc-135"/>
      </symbol>
      <symbol id="sm-7bf">
         <name>GPIOPinConfigure</name>
         <value>0x2add</value>
         <object_component_ref idref="oc-23e"/>
      </symbol>
      <symbol id="sm-7c0">
         <name>GPIOPinTypeUART</name>
         <value>0x32e5</value>
         <object_component_ref idref="oc-244"/>
      </symbol>
      <symbol id="sm-7c1">
         <name>GPIOPinTypeGPIOOutput</name>
         <value>0x324d</value>
         <object_component_ref idref="oc-258"/>
      </symbol>
      <symbol id="sm-7c2">
         <name>GPIODirModeSet</name>
         <value>0x2fa1</value>
         <object_component_ref idref="oc-353"/>
      </symbol>
      <symbol id="sm-7c3">
         <name>GPIOPadConfigSet</name>
         <value>0xbf5</value>
         <object_component_ref idref="oc-359"/>
      </symbol>
      <symbol id="sm-83d">
         <name>SysCtlPeripheralEnable</name>
         <value>0x2ed5</value>
         <object_component_ref idref="oc-238"/>
      </symbol>
      <symbol id="sm-83e">
         <name>SysCtlPeripheralReady</name>
         <value>0x2e9d</value>
         <object_component_ref idref="oc-251"/>
      </symbol>
      <symbol id="sm-83f">
         <name>SysCtlClockFreqSet</name>
         <value>0x6a5</value>
         <object_component_ref idref="oc-12f"/>
      </symbol>
      <symbol id="sm-850">
         <name>__aeabi_uidivmod</name>
         <value>0x2d5d</value>
         <object_component_ref idref="oc-3ec"/>
      </symbol>
      <symbol id="sm-851">
         <name>__aeabi_uidiv</name>
         <value>0x2d5d</value>
         <object_component_ref idref="oc-3ec"/>
      </symbol>
      <symbol id="sm-860">
         <name>__aeabi_memset</name>
         <value>0x248b</value>
         <object_component_ref idref="oc-d7"/>
      </symbol>
      <symbol id="sm-861">
         <name>memset</name>
         <value>0x2491</value>
         <object_component_ref idref="oc-d7"/>
      </symbol>
      <symbol id="sm-862">
         <name>__aeabi_memset8</name>
         <value>0x248b</value>
         <object_component_ref idref="oc-d7"/>
      </symbol>
      <symbol id="sm-863">
         <name>__aeabi_memset4</name>
         <value>0x248b</value>
         <object_component_ref idref="oc-d7"/>
      </symbol>
      <symbol id="sm-864">
         <name>__aeabi_memclr8</name>
         <value>0x2489</value>
         <object_component_ref idref="oc-d7"/>
      </symbol>
      <symbol id="sm-865">
         <name>__aeabi_memclr4</name>
         <value>0x2489</value>
         <object_component_ref idref="oc-d7"/>
      </symbol>
      <symbol id="sm-866">
         <name>__aeabi_memclr</name>
         <value>0x2489</value>
         <object_component_ref idref="oc-d7"/>
      </symbol>
      <symbol id="sm-87a">
         <name>__aeabi_ddiv</name>
         <value>0x181d</value>
         <object_component_ref idref="oc-20c"/>
      </symbol>
      <symbol id="sm-895">
         <name>memcpy</name>
         <value>0x22bd</value>
         <object_component_ref idref="oc-5c"/>
      </symbol>
      <symbol id="sm-896">
         <name>__aeabi_memcpy</name>
         <value>0x22bd</value>
         <object_component_ref idref="oc-5c"/>
      </symbol>
      <symbol id="sm-897">
         <name>__aeabi_memcpy8</name>
         <value>0x22bd</value>
         <object_component_ref idref="oc-5c"/>
      </symbol>
      <symbol id="sm-898">
         <name>__aeabi_memcpy4</name>
         <value>0x22bd</value>
         <object_component_ref idref="oc-5c"/>
      </symbol>
      <symbol id="sm-8a2">
         <name>__aeabi_ui2d</name>
         <value>0x315d</value>
         <object_component_ref idref="oc-207"/>
      </symbol>
      <symbol id="sm-8b4">
         <name>__TI_zero_init</name>
         <value>0x3363</value>
         <object_component_ref idref="oc-6e"/>
      </symbol>
      <symbol id="sm-8cb">
         <name>__TI_decompress_none</name>
         <value>0x3355</value>
         <object_component_ref idref="oc-19"/>
      </symbol>
      <symbol id="sm-8ee">
         <name>__TI_decompress_lzss</name>
         <value>0x26c1</value>
         <object_component_ref idref="oc-13"/>
      </symbol>
      <symbol id="sm-902">
         <name>__stack</name>
         <value>0x2000c490</value>
         <object_component_ref idref="oc-22"/>
      </symbol>
      <symbol id="sm-903">
         <name>_c_int00_noargs</name>
         <value>0x2f09</value>
         <object_component_ref idref="oc-7a"/>
      </symbol>
      <symbol id="sm-90d">
         <name>__aeabi_idiv0</name>
         <value>0x27f7</value>
         <object_component_ref idref="oc-4c7"/>
      </symbol>
      <symbol id="sm-90e">
         <name>__aeabi_ldiv0</name>
         <value>0x27f7</value>
         <object_component_ref idref="oc-4c7"/>
      </symbol>
      <symbol id="sm-936">
         <name>__TI_auto_init_nobinit_nopinit</name>
         <value>0x2c95</value>
         <object_component_ref idref="oc-19f"/>
      </symbol>
      <symbol id="sm-940">
         <name>_system_pre_init</name>
         <value>0x33a1</value>
         <object_component_ref idref="oc-dd"/>
      </symbol>
      <symbol id="sm-94c">
         <name>C$$EXIT</name>
         <value>0x33a5</value>
         <object_component_ref idref="oc-193"/>
      </symbol>
      <symbol id="sm-94d">
         <name>abort</name>
         <value>0x33a5</value>
         <object_component_ref idref="oc-193"/>
      </symbol>
      <symbol id="sm-954">
         <name>__TI_static_base__</name>
         <value>0x0</value>
      </symbol>
      <symbol id="sm-957">
         <name>__mpu_init</name>
         <value>0x0</value>
      </symbol>
      <symbol id="sm-958">
         <name>_system_post_cinit</name>
         <value>0x0</value>
      </symbol>
   </symbol_table>
   <title>Link successful</title>
</link_info>
